Component: ARM Compiler 5.06 update 4 (build 422) Tool: armlink [4d35d2]

==============================================================================

Section Cross References

    user_func.o(.text) refers to drv_time.o(.text) for SysTick_GetTick
    user_func.o(.text) refers to ano_flightctrl.o(.text) for one_key_land
    user_func.o(.text) refers to ano_fcdata.o(.bss) for flag
    user_func.o(.text) refers to ano_rc.o(.bss) for CH_N
    user_func.o(.text) refers to user_tasks.o(.data) for user_task_en
    user_func.o(.text) refers to ano_locctrl.o(.bss) for loc_ctrl_2
    user_func.o(.text) refers to ano_parameter.o(.bss) for Ano_Parame
    user_tasks.o(.text) refers to user_tasks.o(.data) for task_100ms_en
    openmv_data.o(.text) refers to memcpya.o(.text) for __aeabi_memcpy4
    openmv_data.o(.text) refers to openmv_data.o(.data) for ucRxCnt
    openmv_data.o(.text) refers to openmv_data.o(.bss) for ucRxBuffer
    main.o(.text) refers to bsp_init.o(.text) for All_Init
    main.o(.text) refers to ano_scheduler.o(.text) for Scheduler_Setup
    main.o(.text) refers to ano_fcdata.o(.bss) for flag
    ano_scheduler.o(.text) refers to drv_time.o(.text) for GetSysTime_us
    ano_scheduler.o(.text) refers to ano_flightdatacal.o(.text) for Fc_Sensor_Get
    ano_scheduler.o(.text) refers to drv_icm20602.o(.text) for Sensor_Data_Prepare
    ano_scheduler.o(.text) refers to drv_gps.o(.text) for WCXY_Acc_Get_Task
    ano_scheduler.o(.text) refers to ano_flightctrl.o(.text) for Flight_State_Task
    ano_scheduler.o(.text) refers to ano_dt.o(.text) for ANO_DT_Data_Exchange
    ano_scheduler.o(.text) refers to ano_attctrl.o(.text) for Att_1level_Ctrl
    ano_scheduler.o(.text) refers to ano_motorctrl.o(.text) for Motor_Ctrl_Task
    ano_scheduler.o(.text) refers to user_tasks.o(.text) for UserTask_5ms
    ano_scheduler.o(.text) refers to ano_rc.o(.text) for RC_duty_task
    ano_scheduler.o(.text) refers to ano_imu.o(.text) for calculate_RPY
    ano_scheduler.o(.text) refers to ano_altctrl.o(.text) for Alt_1level_Ctrl
    ano_scheduler.o(.text) refers to ano_of.o(.text) for AnoOF_DataAnl_Task
    ano_scheduler.o(.text) refers to drv_led.o(.text) for LED_Task2
    ano_scheduler.o(.text) refers to ano_flyctrl.o(.text) for FlyCtrl_Task
    ano_scheduler.o(.text) refers to ano_locctrl.o(.text) for Loc_1level_Ctrl
    ano_scheduler.o(.text) refers to user_func.o(.text) for EmergencyLand_Check_Task
    ano_scheduler.o(.text) refers to drv_vl53l0x.o(.text) for Drv_Vl53_RunTask
    ano_scheduler.o(.text) refers to ano_power.o(.text) for Power_UpdateTask
    ano_scheduler.o(.text) refers to drv_heating.o(.text) for Thermostatic_Ctrl_Task
    ano_scheduler.o(.text) refers to ano_parameter.o(.text) for Ano_Parame_Write_task
    ano_scheduler.o(.text) refers to ano_scheduler.o(.bss) for test_dT_1000hz
    ano_scheduler.o(.text) refers to ano_rc.o(.bss) for CH_N
    ano_scheduler.o(.text) refers to user_tasks.o(.data) for user_task_en
    ano_scheduler.o(.text) refers to ano_scheduler.o(.data) for sched_tasks
    ano_scheduler.o(.data) refers to ano_scheduler.o(.text) for Loop_1000Hz
    bsp_init.o(.text) refers to misc.o(.text) for NVIC_PriorityGroupConfig
    bsp_init.o(.text) refers to drv_time.o(.text) for SysTick_Configuration
    bsp_init.o(.text) refers to drv_led.o(.text) for Drv_LED_Init
    bsp_init.o(.text) refers to drv_w25qxx.o(.text) for Flash_Init
    bsp_init.o(.text) refers to ano_fcdata.o(.text) for Para_Data_Init
    bsp_init.o(.text) refers to ano_rc.o(.text) for Remote_Control_Init
    bsp_init.o(.text) refers to drv_pwm_out.o(.text) for PWM_Out_Init
    bsp_init.o(.text) refers to drv_spi.o(.text) for Drv_SPI2_init
    bsp_init.o(.text) refers to drv_icm20602.o(.text) for Drv_Icm20602CSPin_Init
    bsp_init.o(.text) refers to drv_ak8975.o(.text) for Drv_AK8975CSPin_Init
    bsp_init.o(.text) refers to drv_spl06.o(.text) for Drv_SPL06CSPin_Init
    bsp_init.o(.text) refers to ano_usb.o(.text) for Usb_Hid_Init
    bsp_init.o(.text) refers to drv_usart.o(.text) for Usart2_Init
    bsp_init.o(.text) refers to drv_i2c_soft.o(.text) for I2c_Soft_Init
    bsp_init.o(.text) refers to drv_vl53l0x.o(.text) for Drv_Vl53_Init
    bsp_init.o(.text) refers to drv_adc.o(.text) for Drv_AdcInit
    bsp_init.o(.text) refers to ano_flightctrl.o(.text) for All_PID_Init
    bsp_init.o(.text) refers to drv_heating.o(.text) for Drv_HeatingInit
    bsp_init.o(.text) refers to ano_dt.o(.text) for ANO_DT_SendString
    bsp_init.o(.text) refers to ano_fcdata.o(.data) for sens_hd_check
    ano_dt.o(.text) refers to ano_usb.o(.text) for Usb_Hid_Adddata
    ano_dt.o(.text) refers to drv_usart.o(.text) for Usart2_Send
    ano_dt.o(.text) refers to ano_dt.o(.bss) for data_to_send
    ano_dt.o(.text) refers to ano_parameter.o(.bss) for Ano_Parame
    ano_dt.o(.text) refers to ano_fcdata.o(.text) for data_save
    ano_dt.o(.text) refers to ano_parameter.o(.text) for PID_Rest
[...]
    TIM_ClearOC3Ref                          0x0801467f   Thumb Code    88  stm32f4xx_tim.o(.text)
    TIM_ClearOC4Ref                          0x080146d7   Thumb Code    94  stm32f4xx_tim.o(.text)
    TIM_OC1PolarityConfig                    0x08014735   Thumb Code   174  stm32f4xx_tim.o(.text)
    TIM_OC1NPolarityConfig                   0x080147e3   Thumb Code    64  stm32f4xx_tim.o(.text)
    TIM_OC2PolarityConfig                    0x08014823   Thumb Code   108  stm32f4xx_tim.o(.text)
    TIM_OC2NPolarityConfig                   0x0801488f   Thumb Code    72  stm32f4xx_tim.o(.text)
    TIM_OC3PolarityConfig                    0x080148d7   Thumb Code    96  stm32f4xx_tim.o(.text)
    TIM_OC3NPolarityConfig                   0x08014937   Thumb Code    72  stm32f4xx_tim.o(.text)
    TIM_OC4PolarityConfig                    0x0801497f   Thumb Code    96  stm32f4xx_tim.o(.text)
    TIM_CCxCmd                               0x080149df   Thumb Code   168  stm32f4xx_tim.o(.text)
    TIM_CCxNCmd                              0x08014a87   Thumb Code   104  stm32f4xx_tim.o(.text)
    TIM_SetIC4Prescaler                      0x08014aef   Thumb Code   106  stm32f4xx_tim.o(.text)
    TIM_SetIC3Prescaler                      0x08014bd9   Thumb Code    98  stm32f4xx_tim.o(.text)
    TIM_SetIC2Prescaler                      0x08014c83   Thumb Code   118  stm32f4xx_tim.o(.text)
    TIM_SetIC1Prescaler                      0x08014d49   Thumb Code   134  stm32f4xx_tim.o(.text)
    TIM_ICInit                               0x08014e09   Thumb Code   508  stm32f4xx_tim.o(.text)
    TIM_ICStructInit                         0x08015005   Thumb Code    18  stm32f4xx_tim.o(.text)
    TIM_PWMIConfig                           0x08015017   Thumb Code   184  stm32f4xx_tim.o(.text)
    TIM_GetCapture1                          0x080150cf   Thumb Code    92  stm32f4xx_tim.o(.text)
    TIM_GetCapture2                          0x0801512b   Thumb Code    68  stm32f4xx_tim.o(.text)
    TIM_GetCapture3                          0x0801516f   Thumb Code    56  stm32f4xx_tim.o(.text)
    TIM_GetCapture4                          0x080151a7   Thumb Code    56  stm32f4xx_tim.o(.text)
    TIM_BDTRConfig                           0x080151df   Thumb Code   222  stm32f4xx_tim.o(.text)
    TIM_BDTRStructInit                       0x080152bd   Thumb Code    18  stm32f4xx_tim.o(.text)
    TIM_CtrlPWMOutputs                       0x080152cf   Thumb Code    78  stm32f4xx_tim.o(.text)
    TIM_SelectCOM                            0x0801531d   Thumb Code    72  stm32f4xx_tim.o(.text)
    TIM_CCPreloadControl                     0x08015365   Thumb Code    72  stm32f4xx_tim.o(.text)
    TIM_ITConfig                             0x080153ad   Thumb Code   218  stm32f4xx_tim.o(.text)
    TIM_GenerateEvent                        0x08015487   Thumb Code   126  stm32f4xx_tim.o(.text)
    TIM_GetFlagStatus                        0x08015505   Thumb Code   188  stm32f4xx_tim.o(.text)
    TIM_ClearFlag                            0x080155c1   Thumb Code   108  stm32f4xx_tim.o(.text)
    TIM_GetITStatus                          0x0801562d   Thumb Code   186  stm32f4xx_tim.o(.text)
    TIM_ClearITPendingBit                    0x080156e7   Thumb Code   108  stm32f4xx_tim.o(.text)
    TIM_DMAConfig                            0x08015753   Thumb Code   334  stm32f4xx_tim.o(.text)
    TIM_DMACmd                               0x080158a1   Thumb Code   126  stm32f4xx_tim.o(.text)
    TIM_SelectCCDMA                          0x0801591f   Thumb Code    96  stm32f4xx_tim.o(.text)
    TIM_InternalClockConfig                  0x0801597f   Thumb Code    76  stm32f4xx_tim.o(.text)
    TIM_SelectInputTrigger                   0x080159cb   Thumb Code   148  stm32f4xx_tim.o(.text)
    TIM_ITRxExternalClockConfig              0x08015a5f   Thumb Code   110  stm32f4xx_tim.o(.text)
    TIM_TIxExternalClockConfig               0x08015acd   Thumb Code   184  stm32f4xx_tim.o(.text)
    TIM_ETRConfig                            0x08015b85   Thumb Code   164  stm32f4xx_tim.o(.text)
    TIM_ETRClockMode1Config                  0x08015c29   Thumb Code   228  stm32f4xx_tim.o(.text)
    TIM_ETRClockMode2Config                  0x08015d0d   Thumb Code   152  stm32f4xx_tim.o(.text)
    TIM_SelectOutputTrigger                  0x08015da5   Thumb Code   126  stm32f4xx_tim.o(.text)
    TIM_SelectSlaveMode                      0x08015e23   Thumb Code   112  stm32f4xx_tim.o(.text)
    TIM_SelectMasterSlaveMode                0x08015e93   Thumb Code   102  stm32f4xx_tim.o(.text)
    TIM_EncoderInterfaceConfig               0x08015ef9   Thumb Code   226  stm32f4xx_tim.o(.text)
    TIM_SelectHallSensor                     0x08015fdb   Thumb Code   108  stm32f4xx_tim.o(.text)
    TIM_RemapConfig                          0x08016047   Thumb Code   138  stm32f4xx_tim.o(.text)
    USART_DeInit                             0x080160d1   Thumb Code   202  stm32f4xx_usart.o(.text)
    USART_Init                               0x0801619b   Thumb Code   456  stm32f4xx_usart.o(.text)
    USART_StructInit                         0x08016363   Thumb Code    24  stm32f4xx_usart.o(.text)
    USART_ClockInit                          0x0801637b   Thumb Code   166  stm32f4xx_usart.o(.text)
    USART_ClockStructInit                    0x08016421   Thumb Code    12  stm32f4xx_usart.o(.text)
    USART_Cmd                                0x0801642d   Thumb Code    96  stm32f4xx_usart.o(.text)
    USART_SetPrescaler                       0x0801648d   Thumb Code   160  stm32f4xx_usart.o(.text)
    USART_OverSampling8Cmd                   0x0801652d   Thumb Code    98  stm32f4xx_usart.o(.text)
    USART_OneBitMethodCmd                    0x0801658f   Thumb Code   100  stm32f4xx_usart.o(.text)
    USART_SendData                           0x080165f3   Thumb Code    84  stm32f4xx_usart.o(.text)
    USART_ReceiveData                        0x08016647   Thumb Code    62  stm32f4xx_usart.o(.text)
    USART_SetAddress                         0x08016685   Thumb Code    92  stm32f4xx_usart.o(.text)
    USART_ReceiverWakeUpCmd                  0x080166e1   Thumb Code   100  stm32f4xx_usart.o(.text)
    USART_WakeUpConfig                       0x08016745   Thumb Code    96  stm32f4xx_usart.o(.text)
    USART_LINBreakDetectLengthConfig         0x080167a5   Thumb Code    94  stm32f4xx_usart.o(.text)
    USART_LINCmd                             0x08016803   Thumb Code   100  stm32f4xx_usart.o(.text)
    USART_SendBreak                          0x08016867   Thumb Code    64  stm32f4xx_usart.o(.text)
    USART_HalfDuplexCmd                      0x080168a7   Thumb Code   100  stm32f4xx_usart.o(.text)
    USART_SetGuardTime                       0x0801690b   Thumb Code    86  stm32f4xx_usart.o(.text)
    USART_SmartCardCmd                       0x08016961   Thumb Code    88  stm32f4xx_usart.o(.text)
    USART_SmartCardNACKCmd                   0x080169b9   Thumb Code    88  stm32f4xx_usart.o(.text)
    USART_IrDAConfig                         0x08016a11   Thumb Code    94  stm32f4xx_usart.o(.text)
    USART_IrDACmd                            0x08016a6f   Thumb Code   100  stm32f4xx_usart.o(.text)
    USART_DMACmd                             0x08016ad3   Thumb Code   120  stm32f4xx_usart.o(.text)
    USART_ITConfig                           0x08016b4b   Thumb Code   268  stm32f4xx_usart.o(.text)
    USART_GetFlagStatus                      0x08016c57   Thumb Code   176  stm32f4xx_usart.o(.text)
    USART_ClearFlag                          0x08016d07   Thumb Code   160  stm32f4xx_usart.o(.text)
    USART_GetITStatus                        0x08016da7   Thumb Code   284  stm32f4xx_usart.o(.text)
    USART_ClearITPendingBit                  0x08016ec3   Thumb Code   170  stm32f4xx_usart.o(.text)
    SystemInit                               0x08017061   Thumb Code    88  system_stm32f4xx.o(.text)
    SystemCoreClockUpdate                    0x080170b9   Thumb Code   174  system_stm32f4xx.o(.text)
    Reset_Handler                            0x08017195   Thumb Code     8  startup_stm32f4xx.o(.text)
    HardFault_Handler                        0x0801719f   Thumb Code     2  startup_stm32f4xx.o(.text)
    PendSV_Handler                           0x080171ab   Thumb Code     2  startup_stm32f4xx.o(.text)
    ADC_IRQHandler                           0x080171af   Thumb Code     0  startup_stm32f4xx.o(.text)
    CAN1_RX0_IRQHandler                      0x080171af   Thumb Code     0  startup_stm32f4xx.o(.text)
    CAN1_RX1_IRQHandler                      0x080171af   Thumb Code     0  startup_stm32f4xx.o(.text)
    CAN1_SCE_IRQHandler                      0x080171af   Thumb Code     0  startup_stm32f4xx.o(.text)
    CAN1_TX_IRQHandler                       0x080171af   Thumb Code     0  startup_stm32f4xx.o(.text)
    CAN2_RX0_IRQHandler                      0x080171af   Thumb Code     0  startup_stm32f4xx.o(.text)
    CAN2_RX1_IRQHandler                      0x080171af   Thumb Code     0  startup_stm32f4xx.o(.text)
    CAN2_SCE_IRQHandler                      0x080171af   Thumb Code     0  startup_stm32f4xx.o(.text)
    CAN2_TX_IRQHandler                       0x080171af   Thumb Code     0  startup_stm32f4xx.o(.text)
    CRYP_IRQHandler                          0x080171af   Thumb Code     0  startup_stm32f4xx.o(.text)
    DCMI_IRQHandler                          0x080171af   Thumb Code     0  startup_stm32f4xx.o(.text)
    DMA1_Stream0_IRQHandler                  0x080171af   Thumb Code     0  startup_stm32f4xx.o(.text)
    DMA1_Stream1_IRQHandler                  0x080171af   Thumb Code     0  startup_stm32f4xx.o(.text)
    DMA1_Stream2_IRQHandler                  0x080171af   Thumb Code     0  startup_stm32f4xx.o(.text)
    DMA1_Stream3_IRQHandler                  0x080171af   Thumb Code     0  startup_stm32f4xx.o(.text)
    DMA1_Stream4_IRQHandler                  0x080171af   Thumb Code     0  startup_stm32f4xx.o(.text)
    DMA1_Stream5_IRQHandler                  0x080171af   Thumb Code     0  startup_stm32f4xx.o(.text)
    DMA1_Stream6_IRQHandler                  0x080171af   Thumb Code     0  startup_stm32f4xx.o(.text)
    DMA1_Stream7_IRQHandler                  0x080171af   Thumb Code     0  startup_stm32f4xx.o(.text)
    DMA2_Stream0_IRQHandler                  0x080171af   Thumb Code     0  startup_stm32f4xx.o(.text)
    DMA2_Stream1_IRQHandler                  0x080171af   Thumb Code     0  startup_stm32f4xx.o(.text)
    DMA2_Stream2_IRQHandler                  0x080171af   Thumb Code     0  startup_stm32f4xx.o(.text)
    DMA2_Stream3_IRQHandler                  0x080171af   Thumb Code     0  startup_stm32f4xx.o(.text)
    DMA2_Stream4_IRQHandler                  0x080171af   Thumb Code     0  startup_stm32f4xx.o(.text)
    DMA2_Stream5_IRQHandler                  0x080171af   Thumb Code     0  startup_stm32f4xx.o(.text)
    DMA2_Stream6_IRQHandler                  0x080171af   Thumb Code     0  startup_stm32f4xx.o(.text)
    DMA2_Stream7_IRQHandler                  0x080171af   Thumb Code     0  startup_stm32f4xx.o(.text)
    ETH_IRQHandler                           0x080171af   Thumb Code     0  startup_stm32f4xx.o(.text)
    ETH_WKUP_IRQHandler                      0x080171af   Thumb Code     0  startup_stm32f4xx.o(.text)
    EXTI0_IRQHandler                         0x080171af   Thumb Code     0  startup_stm32f4xx.o(.text)
    EXTI15_10_IRQHandler                     0x080171af   Thumb Code     0  startup_stm32f4xx.o(.text)
    EXTI1_IRQHandler                         0x080171af   Thumb Code     0  startup_stm32f4xx.o(.text)
    EXTI2_IRQHandler                         0x080171af   Thumb Code     0  startup_stm32f4xx.o(.text)
    EXTI3_IRQHandler                         0x080171af   Thumb Code     0  startup_stm32f4xx.o(.text)
    EXTI4_IRQHandler                         0x080171af   Thumb Code     0  startup_stm32f4xx.o(.text)
    FLASH_IRQHandler                         0x080171af   Thumb Code     0  startup_stm32f4xx.o(.text)
    FPU_IRQHandler                           0x080171af   Thumb Code     0  startup_stm32f4xx.o(.text)
    FSMC_IRQHandler                          0x080171af   Thumb Code     0  startup_stm32f4xx.o(.text)
    HASH_RNG_IRQHandler                      0x080171af   Thumb Code     0  startup_stm32f4xx.o(.text)
    I2C1_ER_IRQHandler                       0x080171af   Thumb Code     0  startup_stm32f4xx.o(.text)
    I2C1_EV_IRQHandler                       0x080171af   Thumb Code     0  startup_stm32f4xx.o(.text)
    I2C2_ER_IRQHandler                       0x080171af   Thumb Code     0  startup_stm32f4xx.o(.text)
    I2C2_EV_IRQHandler                       0x080171af   Thumb Code     0  startup_stm32f4xx.o(.text)
    I2C3_ER_IRQHandler                       0x080171af   Thumb Code     0  startup_stm32f4xx.o(.text)
    I2C3_EV_IRQHandler                       0x080171af   Thumb Code     0  startup_stm32f4xx.o(.text)
    OTG_FS_WKUP_IRQHandler                   0x080171af   Thumb Code     0  startup_stm32f4xx.o(.text)
    OTG_HS_EP1_IN_IRQHandler                 0x080171af   Thumb Code     0  startup_stm32f4xx.o(.text)
    OTG_HS_EP1_OUT_IRQHandler                0x080171af   Thumb Code     0  startup_stm32f4xx.o(.text)
    OTG_HS_IRQHandler                        0x080171af   Thumb Code     0  startup_stm32f4xx.o(.text)
    OTG_HS_WKUP_IRQHandler                   0x080171af   Thumb Code     0  startup_stm32f4xx.o(.text)
    PVD_IRQHandler                           0x080171af   Thumb Code     0  startup_stm32f4xx.o(.text)
    RCC_IRQHandler                           0x080171af   Thumb Code     0  startup_stm32f4xx.o(.text)
    RTC_Alarm_IRQHandler                     0x080171af   Thumb Code     0  startup_stm32f4xx.o(.text)
    RTC_WKUP_IRQHandler                      0x080171af   Thumb Code     0  startup_stm32f4xx.o(.text)
    SDIO_IRQHandler                          0x080171af   Thumb Code     0  startup_stm32f4xx.o(.text)
    SPI1_IRQHandler                          0x080171af   Thumb Code     0  startup_stm32f4xx.o(.text)
    SPI2_IRQHandler                          0x080171af   Thumb Code     0  startup_stm32f4xx.o(.text)
    SPI3_IRQHandler                          0x080171af   Thumb Code     0  startup_stm32f4xx.o(.text)
    TAMP_STAMP_IRQHandler                    0x080171af   Thumb Code     0  startup_stm32f4xx.o(.text)
    TIM1_BRK_TIM9_IRQHandler                 0x080171af   Thumb Code     0  startup_stm32f4xx.o(.text)
    TIM1_CC_IRQHandler                       0x080171af   Thumb Code     0  startup_stm32f4xx.o(.text)
    TIM1_TRG_COM_TIM11_IRQHandler            0x080171af   Thumb Code     0  startup_stm32f4xx.o(.text)
    TIM1_UP_TIM10_IRQHandler                 0x080171af   Thumb Code     0  startup_stm32f4xx.o(.text)
    TIM2_IRQHandler                          0x080171af   Thumb Code     0  startup_stm32f4xx.o(.text)
    TIM5_IRQHandler                          0x080171af   Thumb Code     0  startup_stm32f4xx.o(.text)
    TIM6_DAC_IRQHandler                      0x080171af   Thumb Code     0  startup_stm32f4xx.o(.text)
    TIM7_IRQHandler                          0x080171af   Thumb Code     0  startup_stm32f4xx.o(.text)
    TIM8_BRK_TIM12_IRQHandler                0x080171af   Thumb Code     0  startup_stm32f4xx.o(.text)
    TIM8_CC_IRQHandler                       0x080171af   Thumb Code     0  startup_stm32f4xx.o(.text)
    TIM8_TRG_COM_TIM14_IRQHandler            0x080171af   Thumb Code     0  startup_stm32f4xx.o(.text)
    TIM8_UP_TIM13_IRQHandler                 0x080171af   Thumb Code     0  startup_stm32f4xx.o(.text)
    USART3_IRQHandler                        0x080171af   Thumb Code     0  startup_stm32f4xx.o(.text)
    WWDG_IRQHandler                          0x080171af   Thumb Code     0  startup_stm32f4xx.o(.text)
    usbd_init                                0x080171b9   Thumb Code    22  usbd_core.o(.text)
    usbd_connect                             0x080171cf   Thumb Code    12  usbd_core.o(.text)
    usbd_reset_core                          0x080171db   Thumb Code    38  usbd_core.o(.text)
    usbd_configured                          0x08017201   Thumb Code    14  usbd_core.o(.text)
    USBD_SetupStage                          0x0801720f   Thumb Code    12  usbd_core.o(.text)
    USBD_DataInStage                         0x0801721b   Thumb Code    66  usbd_core.o(.text)
    USBD_DataOutStage                        0x0801725d   Thumb Code    34  usbd_core.o(.text)
    USBD_StatusInStage                       0x0801727f   Thumb Code    14  usbd_core.o(.text)
    USBD_StatusOutStage                      0x0801728d   Thumb Code    12  usbd_core.o(.text)
    USBD_ReqGetStatus                        0x08017299   Thumb Code   160  usbd_core.o(.text)
    USBD_ReqSetClrFeature                    0x08017339   Thumb Code   216  usbd_core.o(.text)
    USBD_ReqGetDescriptor                    0x08017411   Thumb Code   380  usbd_core.o(.text)
    USBD_ReqGetConfiguration                 0x0801758d   Thumb Code   122  usbd_core.o(.text)
    USBD_ReqSetConfiguration                 0x08017607   Thumb Code   432  usbd_core.o(.text)
    USBD_ReqGetInterface                     0x080177b7   Thumb Code    60  usbd_core.o(.text)
    USBD_ReqSetInterface                     0x080177f3   Thumb Code   308  usbd_core.o(.text)
    USBD_EndPoint0                           0x08017927   Thumb Code   680  usbd_core.o(.text)
    USBD_ReqGetDescriptor_HID                0x08017be9   Thumb Code   132  usbd_core_hid.o(.text)
    USBD_EndPoint0_Setup_HID_ReqToIF         0x08017c6d   Thumb Code   200  usbd_core_hid.o(.text)
    USBD_EndPoint0_Out_HID_ReqToIF           0x08017d35   Thumb Code    44  usbd_core_hid.o(.text)
    usbd_hid_init                            0x08017d99   Thumb Code     2  usbd_hid.o(.text)
    usbd_hid_get_protocol                    0x08017da9   Thumb Code     4  usbd_hid.o(.text)
    usbd_hid_set_protocol                    0x08017dad   Thumb Code     2  usbd_hid.o(.text)
    USBD_HID_GetReport                       0x08017daf   Thumb Code    54  usbd_hid.o(.text)
    USBD_HID_SetReport                       0x08017de5   Thumb Code    58  usbd_hid.o(.text)
    USBD_HID_GetIdle                         0x08017e1f   Thumb Code    16  usbd_hid.o(.text)
    USBD_HID_SetIdle                         0x08017e2f   Thumb Code    48  usbd_hid.o(.text)
    USBD_HID_GetProtocol                     0x08017e5f   Thumb Code    14  usbd_hid.o(.text)
    USBD_HID_SetProtocol                     0x08017e6d   Thumb Code    14  usbd_hid.o(.text)
    USBD_HID_EP_INTIN_Event                  0x08017e7b   Thumb Code   422  usbd_hid.o(.text)
    USBD_HID_EP_INTOUT_Event                 0x08018021   Thumb Code   148  usbd_hid.o(.text)
    USBD_HID_Configure_Event                 0x080180b5   Thumb Code    48  usbd_hid.o(.text)
    USBD_HID_EP_INT_Event                    0x080180e5   Thumb Code    30  usbd_hid.o(.text)
    USBD_HID_SOF_Event                       0x08018103   Thumb Code   460  usbd_hid.o(.text)
    usbd_hid_get_report_trigger              0x080182cf   Thumb Code   148  usbd_hid.o(.text)
    VL53L0X_GetVersion                       0x0801839d   Thumb Code    24  vl53l0x_api.o(.text)
    VL53L0X_GetPalSpecVersion                0x080183b5   Thumb Code    24  vl53l0x_api.o(.text)
    VL53L0X_GetProductRevision               0x080183cd   Thumb Code    38  vl53l0x_api.o(.text)
    VL53L0X_GetDeviceInfo                    0x080183f3   Thumb Code    22  vl53l0x_api.o(.text)
    VL53L0X_GetDeviceErrorStatus             0x08018409   Thumb Code    34  vl53l0x_api.o(.text)
    VL53L0X_GetDeviceErrorString             0x0801842b   Thumb Code    22  vl53l0x_api.o(.text)
    VL53L0X_GetRangeStatusString             0x08018441   Thumb Code    22  vl53l0x_api.o(.text)
    VL53L0X_GetPalErrorString                0x08018457   Thumb Code    22  vl53l0x_api.o(.text)
    VL53L0X_GetPalStateString                0x0801846d   Thumb Code    22  vl53l0x_api.o(.text)
    VL53L0X_GetPalState                      0x08018483   Thumb Code    12  vl53l0x_api.o(.text)
    VL53L0X_GetSequenceStepTimeout           0x0801848f   Thumb Code    82  vl53l0x_api.o(.text)
    VL53L0X_GetVcselPulsePeriod              0x080184e1   Thumb Code    30  vl53l0x_api.o(.text)
    VL53L0X_SetMeasurementTimingBudgetMicroSeconds 0x080184ff   Thumb Code    22  vl53l0x_api.o(.text)
    VL53L0X_SetSequenceStepEnable            0x08018515   Thumb Code   196  vl53l0x_api.o(.text)
    VL53L0X_GetFractionEnable                0x080185d9   Thumb Code    34  vl53l0x_api.o(.text)
    VL53L0X_GetMeasurementTimingBudgetMicroSeconds 0x080185fb   Thumb Code    22  vl53l0x_api.o(.text)
    VL53L0X_GetWrapAroundCheckEnable         0x08018611   Thumb Code    62  vl53l0x_api.o(.text)
    VL53L0X_GetLimitCheckEnable              0x0801864f   Thumb Code    28  vl53l0x_api.o(.text)
    VL53L0X_GetLimitCheckValue               0x0801866b   Thumb Code   182  vl53l0x_api.o(.text)
    VL53L0X_GetOffsetCalibrationDataMicroMeter 0x08018721   Thumb Code    22  vl53l0x_api.o(.text)
    VL53L0X_GetXTalkCompensationRateMegaCps  0x08018737   Thumb Code    56  vl53l0x_api.o(.text)
    VL53L0X_GetInterMeasurementPeriodMilliSeconds 0x0801876f   Thumb Code    62  vl53l0x_api.o(.text)
    VL53L0X_GetDeviceMode                    0x080187ad   Thumb Code    10  vl53l0x_api.o(.text)
    VL53L0X_GetDeviceParameters              0x080187b7   Thumb Code   160  vl53l0x_api.o(.text)
    VL53L0X_ClearInterruptMask               0x08018857   Thumb Code    82  vl53l0x_api.o(.text)
    VL53L0X_SetGpioConfig                    0x080188a9   Thumb Code   358  vl53l0x_api.o(.text)
    VL53L0X_StaticInit                       0x08018a0f   Thumb Code   410  vl53l0x_api.o(.text)
    VL53L0X_SetPowerMode                     0x08018ba9   Thumb Code    84  vl53l0x_api.o(.text)
    VL53L0X_GetPowerMode                     0x08018bfd   Thumb Code    48  vl53l0x_api.o(.text)
    VL53L0X_SetOffsetCalibrationDataMicroMeter 0x08018c2d   Thumb Code    22  vl53l0x_api.o(.text)
    VL53L0X_SetLinearityCorrectiveGain       0x08018c43   Thumb Code    50  vl53l0x_api.o(.text)
    VL53L0X_GetLinearityCorrectiveGain       0x08018c75   Thumb Code    12  vl53l0x_api.o(.text)
    VL53L0X_SetGroupParamHold                0x08018c81   Thumb Code     8  vl53l0x_api.o(.text)
    VL53L0X_GetUpperLimitMilliMeter          0x08018c89   Thumb Code     8  vl53l0x_api.o(.text)
    VL53L0X_GetTotalSignalRate               0x08018c91   Thumb Code    40  vl53l0x_api.o(.text)
    VL53L0X_SetDeviceAddress                 0x08018cb9   Thumb Code    36  vl53l0x_api.o(.text)
    VL53L0X_SetLimitCheckValue               0x08018cdd   Thumb Code   118  vl53l0x_api.o(.text)
    VL53L0X_SetLimitCheckEnable              0x08018d53   Thumb Code   194  vl53l0x_api.o(.text)
    VL53L0X_DataInit                         0x08018e15   Thumb Code   406  vl53l0x_api.o(.text)
    VL53L0X_SetTuningSettingBuffer           0x08018fab   Thumb Code    40  vl53l0x_api.o(.text)
    VL53L0X_GetTuningSettingBuffer           0x08018fd3   Thumb Code    20  vl53l0x_api.o(.text)
    VL53L0X_WaitDeviceBooted                 0x08018fe7   Thumb Code     8  vl53l0x_api.o(.text)
    VL53L0X_ResetDevice                      0x08018fef   Thumb Code    90  vl53l0x_api.o(.text)
    VL53L0X_SetWrapAroundCheckEnable         0x08019049   Thumb Code    80  vl53l0x_api.o(.text)
    VL53L0X_SetXTalkCompensationRateMegaCps  0x08019099   Thumb Code    64  vl53l0x_api.o(.text)
    VL53L0X_SetInterMeasurementPeriodMilliSeconds 0x080190d9   Thumb Code    60  vl53l0x_api.o(.text)
    VL53L0X_SetDeviceMode                    0x08019115   Thumb Code    50  vl53l0x_api.o(.text)
    VL53L0X_SetDeviceParameters              0x08019147   Thumb Code   146  vl53l0x_api.o(.text)
    VL53L0X_SetRangeFractionEnable           0x080191d9   Thumb Code    30  vl53l0x_api.o(.text)
    VL53L0X_SetHistogramMode                 0x080191f7   Thumb Code     8  vl53l0x_api.o(.text)
    VL53L0X_GetHistogramMode                 0x080191ff   Thumb Code     8  vl53l0x_api.o(.text)
    VL53L0X_SetVcselPulsePeriod              0x08019207   Thumb Code    42  vl53l0x_api.o(.text)
    sequence_step_enabled                    0x08019231   Thumb Code    72  vl53l0x_api.o(.text)
    VL53L0X_GetSequenceStepEnable            0x08019279   Thumb Code    48  vl53l0x_api.o(.text)
    VL53L0X_GetSequenceStepEnables           0x080192a9   Thumb Code   118  vl53l0x_api.o(.text)
    VL53L0X_GetNumberOfSequenceSteps         0x0801931f   Thumb Code    10  vl53l0x_api.o(.text)
    VL53L0X_GetSequenceStepsInfo             0x08019329   Thumb Code    22  vl53l0x_api.o(.text)
    VL53L0X_SetSequenceStepTimeout           0x0801933f   Thumb Code   110  vl53l0x_api.o(.text)
    VL53L0X_SetXTalkCompensationEnable       0x080193ad   Thumb Code    62  vl53l0x_api.o(.text)
    VL53L0X_GetXTalkCompensationEnable       0x080193eb   Thumb Code    12  vl53l0x_api.o(.text)
    VL53L0X_SetRefCalibration                0x080193f7   Thumb Code    30  vl53l0x_api.o(.text)
    VL53L0X_GetRefCalibration                0x08019415   Thumb Code    30  vl53l0x_api.o(.text)
    VL53L0X_GetNumberOfLimitCheck            0x08019433   Thumb Code    10  vl53l0x_api.o(.text)
    VL53L0X_GetLimitCheckInfo                0x0801943d   Thumb Code    30  vl53l0x_api.o(.text)
    VL53L0X_GetLimitCheckStatus              0x0801945b   Thumb Code    24  vl53l0x_api.o(.text)
    VL53L0X_GetLimitCheckCurrent             0x08019473   Thumb Code   136  vl53l0x_api.o(.text)
    VL53L0X_SetDmaxCalParameters             0x080194fb   Thumb Code    62  vl53l0x_api.o(.text)
    VL53L0X_GetDmaxCalParameters             0x08019539   Thumb Code    20  vl53l0x_api.o(.text)
    VL53L0X_GetInterruptThresholds           0x0801954d   Thumb Code    66  vl53l0x_api.o(.text)
    VL53L0X_CheckAndLoadInterruptSettings    0x0801958f   Thumb Code   126  vl53l0x_api.o(.text)
    VL53L0X_StartMeasurement                 0x0801960d   Thumb Code   264  vl53l0x_api.o(.text)
    VL53L0X_PerformSingleMeasurement         0x08019715   Thumb Code    60  vl53l0x_api.o(.text)
    VL53L0X_PerformSingleHistogramMeasurement 0x08019751   Thumb Code     8  vl53l0x_api.o(.text)
    VL53L0X_PerformRefCalibration            0x08019759   Thumb Code    32  vl53l0x_api.o(.text)
    VL53L0X_PerformXTalkMeasurement          0x08019779   Thumb Code    10  vl53l0x_api.o(.text)
    VL53L0X_PerformXTalkCalibration          0x08019783   Thumb Code    30  vl53l0x_api.o(.text)
    VL53L0X_PerformOffsetCalibration         0x080197a1   Thumb Code    30  vl53l0x_api.o(.text)
    VL53L0X_StopMeasurement                  0x080197bf   Thumb Code   102  vl53l0x_api.o(.text)
    VL53L0X_GetInterruptMaskStatus           0x08019825   Thumb Code    48  vl53l0x_api.o(.text)
    VL53L0X_GetMeasurementDataReady          0x08019855   Thumb Code    86  vl53l0x_api.o(.text)
    VL53L0X_WaitDeviceReadyForNewMeasurement 0x080198ab   Thumb Code     8  vl53l0x_api.o(.text)
    VL53L0X_GetRangingMeasurementData        0x080198b3   Thumb Code   372  vl53l0x_api.o(.text)
    VL53L0X_GetMeasurementRefSignal          0x08019a27   Thumb Code    12  vl53l0x_api.o(.text)
    VL53L0X_GetHistogramMeasurementData      0x08019a33   Thumb Code     8  vl53l0x_api.o(.text)
    VL53L0X_PerformSingleRangingMeasurement  0x08019a3b   Thumb Code    56  vl53l0x_api.o(.text)
    VL53L0X_SetNumberOfROIZones              0x08019a73   Thumb Code    12  vl53l0x_api.o(.text)
    VL53L0X_GetNumberOfROIZones              0x08019a7f   Thumb Code    10  vl53l0x_api.o(.text)
    VL53L0X_GetMaxNumberOfROIZones           0x08019a89   Thumb Code    10  vl53l0x_api.o(.text)
    VL53L0X_GetGpioConfig                    0x08019a93   Thumb Code   160  vl53l0x_api.o(.text)
    VL53L0X_SetInterruptThresholds           0x08019b33   Thumb Code    54  vl53l0x_api.o(.text)
    VL53L0X_GetStopCompletedStatus           0x08019b69   Thumb Code   154  vl53l0x_api.o(.text)
    VL53L0X_EnableInterruptMask              0x08019c03   Thumb Code     8  vl53l0x_api.o(.text)
    VL53L0X_SetSpadAmbientDamperThreshold    0x08019c0b   Thumb Code    48  vl53l0x_api.o(.text)
    VL53L0X_GetSpadAmbientDamperThreshold    0x08019c3b   Thumb Code    48  vl53l0x_api.o(.text)
    VL53L0X_SetSpadAmbientDamperFactor       0x08019c6b   Thumb Code    54  vl53l0x_api.o(.text)
    VL53L0X_GetSpadAmbientDamperFactor       0x08019ca1   Thumb Code    54  vl53l0x_api.o(.text)
    VL53L0X_SetReferenceSpads                0x08019cd7   Thumb Code    30  vl53l0x_api.o(.text)
    VL53L0X_GetReferenceSpads                0x08019cf5   Thumb Code    30  vl53l0x_api.o(.text)
    VL53L0X_PerformRefSpadManagement         0x08019d13   Thumb Code    30  vl53l0x_api.o(.text)
    VL53L0X_perform_xtalk_calibration        0x08019d31   Thumb Code   296  vl53l0x_api_calibration.o(.text)
    VL53L0X_perform_offset_calibration       0x08019e59   Thumb Code   228  vl53l0x_api_calibration.o(.text)
    VL53L0X_set_offset_calibration_data_micro_meter 0x08019f3d   Thumb Code    74  vl53l0x_api_calibration.o(.text)
    VL53L0X_get_offset_calibration_data_micro_meter 0x08019f87   Thumb Code    86  vl53l0x_api_calibration.o(.text)
    VL53L0X_apply_offset_adjustment          0x08019fdd   Thumb Code    58  vl53l0x_api_calibration.o(.text)
    get_next_good_spad                       0x0801a017   Thumb Code   104  vl53l0x_api_calibration.o(.text)
    is_aperture                              0x0801a07f   Thumb Code    18  vl53l0x_api_calibration.o(.text)
    enable_spad_bit                          0x0801a091   Thumb Code    50  vl53l0x_api_calibration.o(.text)
    count_enabled_spads                      0x0801a0c3   Thumb Code   180  vl53l0x_api_calibration.o(.text)
    set_ref_spad_map                         0x0801a177   Thumb Code    24  vl53l0x_api_calibration.o(.text)
    get_ref_spad_map                         0x0801a18f   Thumb Code    24  vl53l0x_api_calibration.o(.text)
    enable_ref_spads                         0x0801a1a7   Thumb Code   172  vl53l0x_api_calibration.o(.text)
    perform_ref_signal_measurement           0x0801a253   Thumb Code   110  vl53l0x_api_calibration.o(.text)
    VL53L0X_ref_calibration_io               0x0801a2c1   Thumb Code   190  vl53l0x_api_calibration.o(.text)
    VL53L0X_perform_single_ref_calibration   0x0801a37f   Thumb Code    64  vl53l0x_api_calibration.o(.text)
    VL53L0X_perform_phase_calibration        0x0801a3bf   Thumb Code   124  vl53l0x_api_calibration.o(.text)
    VL53L0X_perform_vhv_calibration          0x0801a43b   Thumb Code   126  vl53l0x_api_calibration.o(.text)
    VL53L0X_perform_ref_calibration          0x0801a4b9   Thumb Code    76  vl53l0x_api_calibration.o(.text)
    VL53L0X_perform_ref_spad_management      0x0801a505   Thumb Code   658  vl53l0x_api_calibration.o(.text)
    VL53L0X_set_reference_spads              0x0801a797   Thumb Code   194  vl53l0x_api_calibration.o(.text)
    VL53L0X_get_reference_spads              0x0801a859   Thumb Code   120  vl53l0x_api_calibration.o(.text)
    VL53L0X_set_ref_calibration              0x0801a8d1   Thumb Code    46  vl53l0x_api_calibration.o(.text)
    VL53L0X_get_ref_calibration              0x0801a8ff   Thumb Code    48  vl53l0x_api_calibration.o(.text)
    VL53L0X_reverse_bytes                    0x0801a931   Thumb Code    34  vl53l0x_api_core.o(.text)
    VL53L0X_measurement_poll_for_completion  0x0801a953   Thumb Code    58  vl53l0x_api_core.o(.text)
    VL53L0X_decode_vcsel_period              0x0801a98d   Thumb Code    12  vl53l0x_api_core.o(.text)
    VL53L0X_encode_vcsel_period              0x0801a999   Thumb Code    14  vl53l0x_api_core.o(.text)
    VL53L0X_isqrt                            0x0801a9a7   Thumb Code    44  vl53l0x_api_core.o(.text)
    VL53L0X_quadrature_sum                   0x0801a9d3   Thumb Code    44  vl53l0x_api_core.o(.text)
    VL53L0X_device_read_strobe               0x0801a9ff   Thumb Code    78  vl53l0x_api_core.o(.text)
    VL53L0X_get_info_from_device             0x0801aa4d   Thumb Code  1346  vl53l0x_api_core.o(.text)
    VL53L0X_calc_macro_period_ps             0x0801af8f   Thumb Code    22  vl53l0x_api_core.o(.text)
    VL53L0X_encode_timeout                   0x0801afa5   Thumb Code    40  vl53l0x_api_core.o(.text)
    VL53L0X_decode_timeout                   0x0801afcd   Thumb Code    14  vl53l0x_api_core.o(.text)
    VL53L0X_calc_timeout_mclks               0x0801afdb   Thumb Code    52  vl53l0x_api_core.o(.text)
    VL53L0X_calc_timeout_us                  0x0801b00f   Thumb Code    54  vl53l0x_api_core.o(.text)
    get_sequence_step_timeout                0x0801b045   Thumb Code   290  vl53l0x_api_core.o(.text)
    set_sequence_step_timeout                0x0801b167   Thumb Code   314  vl53l0x_api_core.o(.text)
    VL53L0X_set_vcsel_pulse_period           0x0801b2a1   Thumb Code   766  vl53l0x_api_core.o(.text)
    VL53L0X_get_vcsel_pulse_period           0x0801b59f   Thumb Code    70  vl53l0x_api_core.o(.text)
    VL53L0X_set_measurement_timing_budget_micro_seconds 0x0801b5e5   Thumb Code   296  vl53l0x_api_core.o(.text)
    VL53L0X_get_measurement_timing_budget_micro_seconds 0x0801b70d   Thumb Code   238  vl53l0x_api_core.o(.text)
    VL53L0X_load_tuning_settings             0x0801b7fb   Thumb Code   234  vl53l0x_api_core.o(.text)
    VL53L0X_get_total_xtalk_rate             0x0801b8e5   Thumb Code    58  vl53l0x_api_core.o(.text)
    VL53L0X_get_total_signal_rate            0x0801b91f   Thumb Code    40  vl53l0x_api_core.o(.text)
    VL53L0X_calc_dmax                        0x0801b947   Thumb Code   392  vl53l0x_api_core.o(.text)
    VL53L0X_calc_sigma_estimate              0x0801bacf   Thumb Code   674  vl53l0x_api_core.o(.text)
    VL53L0X_get_pal_range_status             0x0801bd71   Thumb Code   580  vl53l0x_api_core.o(.text)
    VL53L0X_check_part_used                  0x0801bfb5   Thumb Code    74  vl53l0x_api_strings.o(.text)
    VL53L0X_get_device_info                  0x0801bfff   Thumb Code   152  vl53l0x_api_strings.o(.text)
    VL53L0X_get_device_error_string          0x0801c097   Thumb Code   198  vl53l0x_api_strings.o(.text)
    VL53L0X_get_range_status_string          0x0801c15d   Thumb Code    98  vl53l0x_api_strings.o(.text)
    VL53L0X_get_pal_error_string             0x0801c1bf   Thumb Code   298  vl53l0x_api_strings.o(.text)
    VL53L0X_get_pal_state_string             0x0801c2e9   Thumb Code  1060  vl53l0x_api_strings.o(.text)
    VL53L0X_get_sequence_steps_info          0x0801c70d   Thumb Code    84  vl53l0x_api_strings.o(.text)
    VL53L0X_get_limit_check_info             0x0801c761   Thumb Code   106  vl53l0x_api_strings.o(.text)
    VL53L0X_write_multi                      0x0801c8d9   Thumb Code    42  vl53l0x_i2c.o(.text)
    VL53L0X_read_multi                       0x0801c903   Thumb Code    42  vl53l0x_i2c.o(.text)
    VL53L0X_write_byte                       0x0801c92d   Thumb Code    28  vl53l0x_i2c.o(.text)
    VL53L0X_write_word                       0x0801c949   Thumb Code    90  vl53l0x_i2c.o(.text)
    VL53L0X_write_dword                      0x0801c9a3   Thumb Code    52  vl53l0x_i2c.o(.text)
    VL53L0X_read_byte                        0x0801c9d7   Thumb Code    36  vl53l0x_i2c.o(.text)
    VL53L0X_read_word                        0x0801c9fb   Thumb Code    42  vl53l0x_i2c.o(.text)
    VL53L0X_read_dword                       0x0801ca25   Thumb Code    58  vl53l0x_i2c.o(.text)
    VL53L0X_LockSequenceAccess               0x0801ca61   Thumb Code     6  vl53l0x_platform.o(.text)
    VL53L0X_UnlockSequenceAccess             0x0801ca67   Thumb Code     6  vl53l0x_platform.o(.text)
    VL53L0X_WriteMulti                       0x0801ca6d   Thumb Code    60  vl53l0x_platform.o(.text)
    VL53L0X_ReadMulti                        0x0801caa9   Thumb Code    54  vl53l0x_platform.o(.text)
    VL53L0X_WrByte                           0x0801cadf   Thumb Code    44  vl53l0x_platform.o(.text)
    VL53L0X_WrWord                           0x0801cb0b   Thumb Code    44  vl53l0x_platform.o(.text)
    VL53L0X_WrDWord                          0x0801cb37   Thumb Code    44  vl53l0x_platform.o(.text)
    VL53L0X_UpdateByte                       0x0801cb63   Thumb Code    82  vl53l0x_platform.o(.text)
    VL53L0X_RdByte                           0x0801cbb5   Thumb Code    44  vl53l0x_platform.o(.text)
    VL53L0X_RdWord                           0x0801cbe1   Thumb Code    44  vl53l0x_platform.o(.text)
    VL53L0X_RdDWord                          0x0801cc0d   Thumb Code    44  vl53l0x_platform.o(.text)
    VL53L0X_PollingDelay                     0x0801cc39   Thumb Code    26  vl53l0x_platform.o(.text)
    vl53l0x_measure_init                     0x0801cc53   Thumb Code   188  vl53l0x_platform.o(.text)
    VL53L0X_Init                             0x0801cd0f   Thumb Code   106  vl53l0x_platform.o(.text)
    VL53L0X_IfDataReady                      0x0801cd79   Thumb Code    24  vl53l0x_platform.o(.text)
    VL53L0X_FastRead                         0x0801cd91   Thumb Code    42  vl53l0x_platform.o(.text)
    __aeabi_memcpy                           0x0801cdc9   Thumb Code    36  memcpya.o(.text)
    __aeabi_memcpy4                          0x0801cdc9   Thumb Code     0  memcpya.o(.text)
    __aeabi_memcpy8                          0x0801cdc9   Thumb Code     0  memcpya.o(.text)
    __aeabi_memset                           0x0801cded   Thumb Code    14  memseta.o(.text)
    __aeabi_memset4                          0x0801cded   Thumb Code     0  memseta.o(.text)
    __aeabi_memset8                          0x0801cded   Thumb Code     0  memseta.o(.text)
    __aeabi_memclr                           0x0801cdfb   Thumb Code     4  memseta.o(.text)
    __aeabi_memclr4                          0x0801cdfb   Thumb Code     0  memseta.o(.text)
    __aeabi_memclr8                          0x0801cdfb   Thumb Code     0  memseta.o(.text)
    _memset$wrapper                          0x0801cdff   Thumb Code    18  memseta.o(.text)
    strcpy                                   0x0801ce11   Thumb Code    18  strcpy.o(.text)
    __aeabi_dadd                             0x0801ce23   Thumb Code   322  dadd.o(.text)
    __aeabi_dsub                             0x0801cf65   Thumb Code     6  dadd.o(.text)
    __aeabi_drsub                            0x0801cf6b   Thumb Code     6  dadd.o(.text)
    __aeabi_dmul                             0x0801cf71   Thumb Code   228  dmul.o(.text)
    __aeabi_i2d                              0x0801d055   Thumb Code    34  dflti.o(.text)
    __aeabi_d2iz                             0x0801d077   Thumb Code    62  dfixi.o(.text)
    __aeabi_f2d                              0x0801d0b5   Thumb Code    38  f2d.o(.text)
    __aeabi_cdcmpeq                          0x0801d0dd   Thumb Code     0  cdcmple.o(.text)
    __aeabi_cdcmple                          0x0801d0dd   Thumb Code    48  cdcmple.o(.text)
    __aeabi_cdrcmple                         0x0801d10d   Thumb Code    48  cdrcmple.o(.text)
    __aeabi_d2f                              0x0801d13d   Thumb Code    56  d2f.o(.text)
    __aeabi_llsl                             0x0801d175   Thumb Code    30  llshl.o(.text)
    _ll_shift_l                              0x0801d175   Thumb Code     0  llshl.o(.text)
    __aeabi_llsr                             0x0801d193   Thumb Code    32  llushr.o(.text)
    _ll_ushift_r                             0x0801d193   Thumb Code     0  llushr.o(.text)
    __aeabi_lasr                             0x0801d1b3   Thumb Code    36  llsshr.o(.text)
    _ll_sshift_r                             0x0801d1b3   Thumb Code     0  llsshr.o(.text)
    __I$use$fp                               0x0801d1d7   Thumb Code     0  iusefp.o(.text)
    _float_round                             0x0801d1d7   Thumb Code    18  fepilogue.o(.text)
    _float_epilogue                          0x0801d1e9   Thumb Code    92  fepilogue.o(.text)
    _double_round                            0x0801d245   Thumb Code    30  depilogue.o(.text)
    _double_epilogue                         0x0801d263   Thumb Code   156  depilogue.o(.text)
    __scatterload                            0x0801d301   Thumb Code    28  init.o(.text)
    __scatterload_rt2                        0x0801d301   Thumb Code     0  init.o(.text)
    __decompress                             0x0801d325   Thumb Code     0  __dczerorl2.o(.text)
    __decompress1                            0x0801d325   Thumb Code    86  __dczerorl2.o(.text)
    __scatterload_copy                       0x0801d37b   Thumb Code    14  handlers.o(i.__scatterload_copy)
    __scatterload_null                       0x0801d389   Thumb Code     2  handlers.o(i.__scatterload_null)
    __scatterload_zeroinit                   0x0801d38b   Thumb Code    14  handlers.o(i.__scatterload_zeroinit)
    usbd_power                               0x0801d398   Data           1  usb_config.o(.constdata)
    usbd_hs_enable                           0x0801d399   Data           1  usb_config.o(.constdata)
    usbd_if_num                              0x0801d39a   Data           2  usb_config.o(.constdata)
    usbd_ep_num                              0x0801d39c   Data           1  usb_config.o(.constdata)
    usbd_max_packet0                         0x0801d39d   Data           1  usb_config.o(.constdata)
    usbd_hid_if_num                          0x0801d39e   Data           1  usb_config.o(.constdata)
    usbd_hid_ep_intin                        0x0801d39f   Data           1  usb_config.o(.constdata)
    usbd_hid_ep_intout                       0x0801d3a0   Data           1  usb_config.o(.constdata)
    usbd_hid_interval                        0x0801d3a2   Data           4  usb_config.o(.constdata)
    usbd_hid_maxpacketsize                   0x0801d3a6   Data           4  usb_config.o(.constdata)
    usbd_hid_inreport_num                    0x0801d3aa   Data           1  usb_config.o(.constdata)
    usbd_hid_outreport_num                   0x0801d3ab   Data           1  usb_config.o(.constdata)
    usbd_hid_inreport_max_sz                 0x0801d3ac   Data           2  usb_config.o(.constdata)
    usbd_hid_outreport_max_sz                0x0801d3ae   Data           2  usb_config.o(.constdata)
    usbd_hid_featreport_max_sz               0x0801d3b0   Data           2  usb_config.o(.constdata)
    USBD_P_Power_Event                       0x0801d3b4   Data           4  usb_config.o(.constdata)
    USBD_P_Reset_Event                       0x0801d3b8   Data           4  usb_config.o(.constdata)
    USBD_P_Suspend_Event                     0x0801d3bc   Data           4  usb_config.o(.constdata)
    USBD_P_Resume_Event                      0x0801d3c0   Data           4  usb_config.o(.constdata)
    USBD_P_WakeUp_Event                      0x0801d3c4   Data           4  usb_config.o(.constdata)
    USBD_P_SOF_Event                         0x0801d3c8   Data           4  usb_config.o(.constdata)
    USBD_P_Error_Event                       0x0801d3cc   Data           4  usb_config.o(.constdata)
    USBD_P_EP                                0x0801d3d0   Data          64  usb_config.o(.constdata)
    USBD_P_Configure_Event                   0x0801d410   Data           4  usb_config.o(.constdata)
    USBD_P_Interface_Event                   0x0801d414   Data           4  usb_config.o(.constdata)
    USBD_P_Feature_Event                     0x0801d418   Data           4  usb_config.o(.constdata)
    __rtx                                    0x0801d41c   Data           4  usb_config.o(.constdata)
    USBD_HID_ReportDescriptor                0x0801d420   Data          33  usb_config.o(.constdata)
    USBD_HID_ReportDescriptorSize            0x0801d442   Data           2  usb_config.o(.constdata)
    USBD_HID_DescriptorOffset                0x0801d444   Data           2  usb_config.o(.constdata)
    USBD_DeviceDescriptor                    0x0801d446   Data          18  usb_config.o(.constdata)
    USBD_DeviceQualifier                     0x0801d458   Data           1  usb_config.o(.constdata)
    USBD_DeviceQualifier_HS                  0x0801d459   Data           1  usb_config.o(.constdata)
    USBD_ConfigDescriptor                    0x0801d45a   Data          42  usb_config.o(.constdata)
    USBD_ConfigDescriptor_HS                 0x0801d484   Data           1  usb_config.o(.constdata)
    USBD_OtherSpeedConfigDescriptor          0x0801d485   Data           1  usb_config.o(.constdata)
    USBD_OtherSpeedConfigDescriptor_HS       0x0801d486   Data           1  usb_config.o(.constdata)
    USBD_StringDescriptor                    0x0801d488   Data         132  usb_config.o(.constdata)
    fast_atan_table                          0x0801d50c   Data        1028  ano_math.o(.constdata)
    gps_petrol_out_config                    0x0801d910   Data          28  drv_gps.o(.constdata)
    gps_pvt_out_config                       0x0801d92c   Data          90  drv_gps.o(.constdata)
    gps_rate_out_config                      0x0801d986   Data          16  drv_gps.o(.constdata)
    Enter_Send                               0x0801d996   Data           9  drv_gps.o(.constdata)
    Region$$Table$$Base                      0x0801d9a0   Number         0  anon$$obj.o(Region$$Table)
    Region$$Table$$Limit                     0x0801d9c0   Number         0  anon$$obj.o(Region$$Table)
    user_task_en                             0x20000000   Data           1  user_tasks.o(.data)
    checkdata_to_send                        0x2000005c   Data           1  ano_dt.o(.data)
    checksum_to_send                         0x2000005d   Data           1  ano_dt.o(.data)
    flash_save_en_cnt                        0x20000060   Data           2  ano_dt.o(.data)
    chn_en_bit                               0x2000006f   Data           1  ano_rc.o(.data)
    signal_intensity                         0x20000070   Data           2  ano_rc.o(.data)
    unlock_f                                 0x20000072   Data           2  ano_rc.o(.data)
    stick_fun_0                              0x20000074   Data           1  ano_rc.o(.data)
    unlock_time                              0x20000076   Data           2  ano_rc.o(.data)
    test_si_cnt                              0x20000078   Data           2  ano_rc.o(.data)
    cali_gyro                                0x2000007a   Data           2  ano_rc.o(.data)
    cali_acc                                 0x2000007c   Data           2  ano_rc.o(.data)
    cali_surface                             0x2000007e   Data           2  ano_rc.o(.data)
    cali_mag                                 0x20000080   Data           4  ano_rc.o(.data)
    stick_fun_1                              0x20000084   Data           1  ano_rc.o(.data)
    stick_fun_2                              0x20000085   Data           1  ano_rc.o(.data)
    stick_fun_3                              0x20000086   Data           1  ano_rc.o(.data)
    stick_fun_4                              0x20000087   Data           1  ano_rc.o(.data)
    stick_fun_5_magcali                      0x20000088   Data           1  ano_rc.o(.data)
    OF_QUA                                   0x20000090   Data           1  ano_of.o(.data)
    OF_LIGHT                                 0x20000091   Data           1  ano_of.o(.data)
    OF_DX                                    0x20000092   Data           1  ano_of.o(.data)
    OF_DY                                    0x20000093   Data           1  ano_of.o(.data)
    OF_DX2                                   0x20000094   Data           2  ano_of.o(.data)
    OF_DY2                                   0x20000096   Data           2  ano_of.o(.data)
    OF_DX2FIX                                0x20000098   Data           2  ano_of.o(.data)
    OF_DY2FIX                                0x2000009a   Data           2  ano_of.o(.data)
    OF_ALT                                   0x2000009c   Data           2  ano_of.o(.data)
    OF_ALT2                                  0x2000009e   Data           2  ano_of.o(.data)
    OF_GYR_X                                 0x200000a0   Data           2  ano_of.o(.data)
    OF_GYR_Y                                 0x200000a2   Data           2  ano_of.o(.data)
    OF_GYR_Z                                 0x200000a4   Data           2  ano_of.o(.data)
    OF_GYR_X2                                0x200000a6   Data           2  ano_of.o(.data)
    OF_GYR_Y2                                0x200000a8   Data           2  ano_of.o(.data)
    OF_GYR_Z2                                0x200000aa   Data           2  ano_of.o(.data)
    OF_ACC_X                                 0x200000ac   Data           2  ano_of.o(.data)
    OF_ACC_Y                                 0x200000ae   Data           2  ano_of.o(.data)
    OF_ACC_Z                                 0x200000b0   Data           2  ano_of.o(.data)
    OF_ACC_X2                                0x200000b2   Data           2  ano_of.o(.data)
    OF_ACC_Y2                                0x200000b4   Data           2  ano_of.o(.data)
    OF_ACC_Z2                                0x200000b6   Data           2  ano_of.o(.data)
    OF_ATT_ROL                               0x200000b8   Data           4  ano_of.o(.data)
    OF_ATT_PIT                               0x200000bc   Data           4  ano_of.o(.data)
    OF_ATT_YAW                               0x200000c0   Data           4  ano_of.o(.data)
    OF_ATT_S1                                0x200000c4   Data           4  ano_of.o(.data)
    OF_ATT_S2                                0x200000c8   Data           4  ano_of.o(.data)
    OF_ATT_S3                                0x200000cc   Data           4  ano_of.o(.data)
    OF_ATT_S4                                0x200000d0   Data           4  ano_of.o(.data)
    HID_SEND_TIMEOUT                         0x200000de   Data           1  ano_usb.o(.data)
    hid_datatemp_begin                       0x200000df   Data           1  ano_usb.o(.data)
    hid_datatemp_end                         0x200000e0   Data           1  ano_usb.o(.data)
    USBD_AltSetting                          0x200000e2   Data           1  usb_config.o(.data)
    USBD_HID_PollingCnt                      0x200000e4   Data           2  usb_config.o(.data)
    USBD_HID_IdleCnt                         0x200000e6   Data           1  usb_config.o(.data)
    USBD_HID_IdleReload                      0x200000e7   Data           1  usb_config.o(.data)
    USBD_HID_IdleSet                         0x200000e8   Data           1  usb_config.o(.data)
    USBD_HID_FeatReport                      0x200000e9   Data           2  usb_config.o(.data)
    switchs                                  0x200000f1   Data           6  ano_fcdata.o(.data)
    sens_hd_check                            0x200000f7   Data           8  ano_fcdata.o(.data)
    imu_data                                 0x2000010c   Data         232  ano_imu.o(.data)
    imu_state                                0x20000224   Data          24  ano_imu.o(.data)
    ref_height_old                           0x2000025c   Data           4  ano_motioncal.o(.data)
    ref_speed_old                            0x20000260   Data           4  ano_motioncal.o(.data)
    wcz_ref_height                           0x20000264   Data           4  ano_motioncal.o(.data)
    wcz_ref_speed                            0x20000268   Data           4  ano_motioncal.o(.data)
    wcz_ref_acc                              0x2000026c   Data           4  ano_motioncal.o(.data)
    flying_cnt                               0x2000029e   Data           2  ano_flightctrl.o(.data)
    landing_cnt                              0x200002a0   Data           2  ano_flightctrl.o(.data)
    stop_baro_hpf                            0x200002a4   Data           4  ano_flightctrl.o(.data)
    speed_mode_old                           0x200002ae   Data           1  ano_flightctrl.o(.data)
    flight_mode_old                          0x200002af   Data           1  ano_flightctrl.o(.data)
    mag                                      0x200002e0   Data           8  ano_magprocess.o(.data)
    motor                                    0x200002f4   Data           8  ano_motorctrl.o(.data)
    motor_step                               0x200002fc   Data           8  ano_motorctrl.o(.data)
    IDLING                                   0x20000306   Data           2  ano_motorctrl.o(.data)
    Plane_Votage                             0x20000308   Data           4  ano_power.o(.data)
    test_time_cnt                            0x20000314   Data           2  ano_flightdatacal.o(.data)
    baro_height                              0x20000320   Data           4  ano_flightdatacal.o(.data)
    baro_h_offset                            0x20000324   Data           4  ano_flightdatacal.o(.data)
    ref_height_get_1                         0x20000328   Data           4  ano_flightdatacal.o(.data)
    ref_height_get_2                         0x2000032c   Data           4  ano_flightdatacal.o(.data)
    ref_height_used                          0x20000330   Data           4  ano_flightdatacal.o(.data)
    baro2tof_offset                          0x20000334   Data           4  ano_flightdatacal.o(.data)
    tof2baro_offset                          0x20000338   Data           4  ano_flightdatacal.o(.data)
    baro_fix1                                0x2000033c   Data           4  ano_flightdatacal.o(.data)
    baro_fix2                                0x20000340   Data           4  ano_flightdatacal.o(.data)
    baro_fix                                 0x20000344   Data           4  ano_flightdatacal.o(.data)
    wcz_acc_use                              0x2000034c   Data           4  ano_flightdatacal.o(.data)
    ref_tof_height                           0x20000350   Data           2  ano_flightdatacal.o(.data)
    led_accuracy                             0x20000358   Data           2  drv_led.o(.data)
    LED_Brightness                           0x2000035c   Data          16  drv_led.o(.data)
    AdcValue                                 0x20000380   Data           2  drv_adc.o(.data)
    para_sta                                 0x20000382   Data           4  ano_parameter.o(.data)
    sysTickUptime                            0x200003ac   Data           4  drv_time.o(.data)
    systime_ms                               0x200003b0   Data           4  drv_time.o(.data)
    TxCounter                                0x200003b4   Data           1  drv_usart.o(.data)
    count                                    0x200003b5   Data           1  drv_usart.o(.data)
    Tx5Counter                               0x200003b6   Data           1  drv_usart.o(.data)
    count5                                   0x200003b7   Data           1  drv_usart.o(.data)
    Tx4Counter                               0x200003b8   Data           1  drv_usart.o(.data)
    count4                                   0x200003b9   Data           1  drv_usart.o(.data)
    acc_z_auto                               0x200003c0   Data           8  drv_icm20602.o(.data)
    acc_sum_cnt                              0x200003c8   Data           2  drv_icm20602.o(.data)
    gyro_sum_cnt                             0x200003ca   Data           2  drv_icm20602.o(.data)
    acc_z_auto_cnt                           0x200003cc   Data           2  drv_icm20602.o(.data)
    g_old                                    0x200003ce   Data           6  drv_icm20602.o(.data)
    g_d_sum                                  0x200003d4   Data          12  drv_icm20602.o(.data)
    roll_gz_comp                             0x200003e0   Data           2  drv_icm20602.o(.data)
    wh_matrix                                0x200003e4   Data          36  drv_icm20602.o(.data)
    baro_Offset                              0x20000410   Data           4  drv_spl06.o(.data)
    alt_3                                    0x20000414   Data           4  drv_spl06.o(.data)
    height                                   0x20000418   Data           4  drv_spl06.o(.data)
    baro_start                               0x2000041c   Data           1  drv_spl06.o(.data)
    temperature                              0x20000420   Data           4  drv_spl06.o(.data)
    alt_high                                 0x20000424   Data           4  drv_spl06.o(.data)
    baro_pressure                            0x20000428   Data           4  drv_spl06.o(.data)
    VL53L0X_LINKOK                           0x2000042c   Data           1  drv_vl53l0x.o(.data)
    tof_height_mm                            0x2000042e   Data           2  drv_vl53l0x.o(.data)
    I2C_FastMode                             0x20000432   Data           1  drv_i2c_soft.o(.data)
    OutMaxPacketSize                         0x20000434   Data          16  usbd_stm32f4xx_fs.o(.data)
    InPacketDataPtr                          0x20000444   Data          16  usbd_stm32f4xx_fs.o(.data)
    InPacketDataReady                        0x20000454   Data           4  usbd_stm32f4xx_fs.o(.data)
    SyncWriteEP                              0x20000458   Data           4  usbd_stm32f4xx_fs.o(.data)
    IsoOutTokenRead                          0x2000045c   Data           4  usbd_stm32f4xx_fs.o(.data)
    len                                      0x20000464   Data           2  drv_gps.o(.data)
    wcx_acc_use                              0x20000468   Data           4  drv_gps.o(.data)
    wcy_acc_use                              0x2000046c   Data           4  drv_gps.o(.data)
    GPS_get_cnt                              0x20000470   Data           1  drv_gps.o(.data)
    temperature_err                          0x20000480   Data           4  drv_heating.o(.data)
    temperature_err_i                        0x20000484   Data           4  drv_heating.o(.data)
    temperature_diff                         0x20000488   Data           4  drv_heating.o(.data)
    temperature_ctrl_val                     0x2000048c   Data           4  drv_heating.o(.data)
    sbus_flag                                0x20000493   Data           1  drv_sbus.o(.data)
    SystemCoreClock                          0x200004a8   Data           4  system_stm32f4xx.o(.data)
    AHBPrescTable                            0x200004ac   Data          16  system_stm32f4xx.o(.data)
    USBD_DeviceStatus                        0x200004bc   Data           2  usbd_core.o(.data)
    USBD_DeviceAddress                       0x200004be   Data           1  usbd_core.o(.data)
    USBD_Configuration                       0x200004bf   Data           1  usbd_core.o(.data)
    USBD_EndPointMask                        0x200004c0   Data           4  usbd_core.o(.data)
    USBD_EndPointHalt                        0x200004c4   Data           4  usbd_core.o(.data)
    USBD_EndPointStall                       0x200004c8   Data           4  usbd_core.o(.data)
    USBD_NumInterfaces                       0x200004cc   Data           1  usbd_core.o(.data)
    USBD_HighSpeed                           0x200004cd   Data           1  usbd_core.o(.data)
    USBD_ZLP                                 0x200004ce   Data           1  usbd_core.o(.data)
    USBD_EP0Data                             0x200004d0   Data           8  usbd_core.o(.data)
    USBD_SetupPacket                         0x200004d8   Data           8  usbd_core.o(.data)
    USBD_HID_Protocol                        0x200004e0   Data           1  usbd_hid.o(.data)
    DataOutAsyncReq                          0x200004e4   Data           4  usbd_hid.o(.data)
    DataOutUpdateReqMask                     0x200004e8   Data           4  usbd_hid.o(.data)
    ptrDataOut                               0x200004ec   Data           4  usbd_hid.o(.data)
    DataOutToSendLen                         0x200004f0   Data           2  usbd_hid.o(.data)
    DataOutSentLen                           0x200004f2   Data           2  usbd_hid.o(.data)
    DataOutEndWithShortPacket                0x200004f4   Data           4  usbd_hid.o(.data)
    ptrDataIn                                0x200004f8   Data           4  usbd_hid.o(.data)
    DataInReceLen                            0x200004fc   Data           2  usbd_hid.o(.data)
    ptrDataFeat                              0x20000500   Data           4  usbd_hid.o(.data)
    DataFeatReceLen                          0x20000504   Data           2  usbd_hid.o(.data)
    DefaultTuningSettings                    0x20000507   Data         243  vl53l0x_api.o(.data)
    InterruptThresholdSettings               0x200005fa   Data         438  vl53l0x_api.o(.data)
    refArrayQuadrants                        0x200007b0   Data          16  vl53l0x_api_calibration.o(.data)
    vl53l0x_status                           0x200007c0   Data           1  vl53l0x_platform.o(.data)
    Code_data                                0x200007c4   Data          28  openmv_data.o(.bss)
    Block_data                               0x200007e0   Data          28  openmv_data.o(.bss)
    MCU_data                                 0x200007fc   Data          16  openmv_data.o(.bss)
    ucRxBuffer                               0x2000080c   Data           9  openmv_data.o(.bss)
    test_dT_1000hz                           0x20000818   Data          12  ano_scheduler.o(.bss)
    test_rT                                  0x20000824   Data          24  ano_scheduler.o(.bss)
    ParValList                               0x2000083c   Data         400  ano_dt.o(.bss)
    f                                        0x200009cc   Data          20  ano_dt.o(.bss)
    data_to_send                             0x200009e0   Data          50  ano_dt.o(.bss)
    CH_N                                     0x20000b26   Data          16  ano_rc.o(.bss)
    hid_datatemp                             0x20000b68   Data         256  ano_usb.o(.bss)
    hid_data2send                            0x20000c68   Data          64  ano_usb.o(.bss)
    USBD_EP0Buf                              0x20000ca8   Data          64  usb_config.o(.bss)
    USBD_HID_InReport                        0x20000ce8   Data          65  usb_config.o(.bss)
    USBD_HID_OutReport                       0x20000d29   Data          65  usb_config.o(.bss)
    stk_usb_msc_task                         0x20000d70   Data         600  usb_config.o(.bss)
    program_ctrl                             0x20000fc8   Data          44  ano_flyctrl.o(.bss)
    save                                     0x20000ff4   Data          64  ano_fcdata.o(.bss)
    flag                                     0x20001034   Data          29  ano_fcdata.o(.bss)
    fc_stv                                   0x20001054   Data          16  ano_fcdata.o(.bss)
    att_matrix                               0x20001064   Data          36  ano_imu.o(.bss)
    imu_test                                 0x200010ac   Data          12  ano_imu.o(.bss)
    wcz_acc_fus                              0x200010b8   Data          28  ano_motioncal.o(.bss)
    wcz_spe_fus                              0x200010d4   Data          24  ano_motioncal.o(.bss)
    wcz_hei_fus                              0x200010ec   Data          24  ano_motioncal.o(.bss)
    alt_arg_2                                0x20001104   Data          24  ano_altctrl.o(.bss)
    alt_val_2                                0x2000111c   Data          40  ano_altctrl.o(.bss)
    alt_arg_1                                0x20001144   Data          24  ano_altctrl.o(.bss)
    alt_val_1                                0x2000115c   Data          40  ano_altctrl.o(.bss)
    arg_2                                    0x20001184   Data          72  ano_attctrl.o(.bss)
    arg_1                                    0x200011cc   Data          72  ano_attctrl.o(.bss)
    val_2                                    0x20001214   Data         120  ano_attctrl.o(.bss)
    val_1                                    0x2000128c   Data         120  ano_attctrl.o(.bss)
    att_2l_ct                                0x20001304   Data          36  ano_attctrl.o(.bss)
    att_1l_ct                                0x20001328   Data          28  ano_attctrl.o(.bss)
    rolling_flag                             0x20001354   Data          24  ano_attctrl.o(.bss)
    fs                                       0x2000136c   Data          52  ano_flightctrl.o(.bss)
    loc_arg_1                                0x200013a0   Data          48  ano_locctrl.o(.bss)
    loc_val_1                                0x200013d0   Data          80  ano_locctrl.o(.bss)
    loc_arg_1_fix                            0x20001420   Data          48  ano_locctrl.o(.bss)
    loc_val_1_fix                            0x20001450   Data          80  ano_locctrl.o(.bss)
    loc_ctrl_1                               0x200014a0   Data          36  ano_locctrl.o(.bss)
    loc_ctrl_2                               0x200014c4   Data          36  ano_locctrl.o(.bss)
    mc                                       0x200014e8   Data          16  ano_motorctrl.o(.bss)
    LED_STA                                  0x200014f8   Data          15  drv_led.o(.bss)
    Ano_Parame                               0x20001507   Data        4096  ano_parameter.o(.bss)
    Rc_Pwm_In                                0x20002508   Data          16  drv_pwm_in.o(.bss)
    Rc_Ppm_In                                0x20002518   Data          16  drv_pwm_in.o(.bss)
    TxBuffer                                 0x20002528   Data         256  drv_usart.o(.bss)
    Rx_Buf                                   0x20002628   Data         256  drv_usart.o(.bss)
    Tx5Buffer                                0x20002728   Data         256  drv_usart.o(.bss)
    Tx4Buffer                                0x20002828   Data         256  drv_usart.o(.bss)
    mpu_buffer                               0x20002928   Data          14  drv_icm20602.o(.bss)
    center_pos                               0x20002938   Data          60  drv_icm20602.o(.bss)
    sensor                                   0x20002974   Data          92  drv_icm20602.o(.bss)
    sensor_val                               0x200029d0   Data          24  drv_icm20602.o(.bss)
    sensor_val_rot                           0x200029e8   Data          24  drv_icm20602.o(.bss)
    sensor_val_ref                           0x20002a00   Data          24  drv_icm20602.o(.bss)
    sum_temp                                 0x20002a18   Data          28  drv_icm20602.o(.bss)
    acc_auto_sum_temp                        0x20002a34   Data          12  drv_icm20602.o(.bss)
    HID_IntInPacketData                      0x20002a90   Data          64  usbd_stm32f4xx_fs.o(.bss)
    IsoOutPacketDataPtr                      0x20002ad0   Data          16  usbd_stm32f4xx_fs.o(.bss)
    InPacketDataCnt                          0x20002ae0   Data          16  usbd_stm32f4xx_fs.o(.bss)
    IsoOutPacketDataCnt                      0x20002af0   Data          16  usbd_stm32f4xx_fs.o(.bss)
    Gps_information                          0x20002b00   Data         112  drv_gps.o(.bss)
    Gps_send_Temp                            0x20002b70   Data          20  drv_gps.o(.bss)
    GPS_data_buff                            0x20002b84   Data         100  drv_gps.o(.bss)
    temperature_fb                           0x20002be8   Data          12  drv_heating.o(.bss)
    Rc_Sbus_In                               0x20002bf4   Data          32  drv_sbus.o(.bss)
    vl53l0x_dev                              0x20002c30   Data         352  vl53l0x_platform.o(.bss)
    vl53l0x_dev_info                         0x20002d90   Data          99  vl53l0x_platform.o(.bss)
    vl53l0x_data                             0x20002df4   Data          28  vl53l0x_platform.o(.bss)
    __initial_sp                             0x20003610   Data           0  startup_stm32f4xx.o(STACK)



==============================================================================

Memory Map of the image

  Image Entry point : 0x08000189

  Load Region LR_IROM1 (Base: 0x08000000, Size: 0x0001e184, Max: 0x00100000, ABSOLUTE, COMPRESSED[0x0001dce0])

    Execution Region ER_IROM1 (Base: 0x08000000, Size: 0x0001d9c0, Max: 0x00100000, ABSOLUTE)

    Base Addr    Size         Type   Attr      Idx    E Section Name        Object

    0x08000000   0x00000188   Data   RO         1703    RESET               startup_stm32f4xx.o
    0x08000188   0x00000000   Code   RO         1920  * .ARM.Collect$$$$00000000  mc_w.l(entry.o)
    0x08000188   0x00000004   Code   RO         1947    .ARM.Collect$$$$00000001  mc_w.l(entry2.o)
    0x0800018c   0x00000004   Code   RO         1950    .ARM.Collect$$$$00000004  mc_w.l(entry5.o)
    0x08000190   0x00000000   Code   RO         1952    .ARM.Collect$$$$00000008  mc_w.l(entry7b.o)
    0x08000190   0x00000000   Code   RO         1954    .ARM.Collect$$$$0000000A  mc_w.l(entry8b.o)
    0x08000190   0x00000008   Code   RO         1955    .ARM.Collect$$$$0000000B  mc_w.l(entry9a.o)
    0x08000198   0x00000000   Code   RO         1957    .ARM.Collect$$$$0000000D  mc_w.l(entry10a.o)
    0x08000198   0x00000000   Code   RO         1959    .ARM.Collect$$$$0000000F  mc_w.l(entry11a.o)
    0x08000198   0x00000004   Code   RO         1948    .ARM.Collect$$$$00002712  mc_w.l(entry2.o)
    0x0800019c   0x00000140   Code   RO            2    .text               user_func.o
    0x080002dc   0x0000002c   Code   RO          172    .text               user_tasks.o
    0x08000308   0x000000b8   Code   RO          194    .text               openmv_data.o
    0x080003c0   0x0000001c   Code   RO          221    .text               main.o
    0x080003dc   0x0000020c   Code   RO          258    .text               ano_scheduler.o
    0x080005e8   0x000000c0   Code   RO          338    .text               bsp_init.o
    0x080006a8   0x00001f68   Code   RO          380    .text               ano_dt.o
    0x08002610   0x000007d0   Code   RO          412    .text               ano_rc.o
    0x08002de0   0x00000268   Code   RO          440    .text               ano_of.o
    0x08003048   0x0000005c   Code   RO          463    .text               stm32f4xx_it.o
    0x080030a4   0x0000024c   Code   RO          479    .text               ano_usb.o
    0x080032f0   0x00000052   Code   RO          556    .text               usb_config.o
    0x08003342   0x00000002   PAD
    0x08003344   0x00000830   Code   RO          580    .text               ano_flyctrl.o
    0x08003b74   0x00000028   Code   RO          603    .text               ano_fcdata.o
    0x08003b9c   0x00000844   Code   RO          626    .text               ano_filter.o
    0x080043e0   0x00000af8   Code   RO          653    .text               ano_imu.o
    0x08004ed8   0x0000087c   Code   RO          676    .text               ano_math.o
    0x08005754   0x00000298   Code   RO          695    .text               ano_motioncal.o
    0x080059ec   0x00000140   Code   RO          742    .text               ano_pid.o
    0x08005b2c   0x0000060c   Code   RO          761    .text               ano_altctrl.o
    0x08006138   0x00000970   Code   RO          804    .text               ano_attctrl.o
    0x08006aa8   0x000007b0   Code   RO          831    .text               ano_flightctrl.o
    0x08007258   0x00000814   Code   RO          860    .text               ano_locctrl.o
    0x08007a6c   0x000004d4   Code   RO          883    .text               ano_magprocess.o
    0x08007f40   0x00000244   Code   RO          909    .text               ano_motorctrl.o
    0x08008184   0x000001c4   Code   RO          940    .text               ano_power.o
    0x08008348   0x00000364   Code   RO          962    .text               ano_flightdatacal.o
    0x080086ac   0x00000640   Code   RO          986    .text               drv_led.o
    0x08008cec   0x00000124   Code   RO         1013    .text               drv_adc.o
    0x08008e10   0x0000044c   Code   RO         1035    .text               ano_parameter.o
    0x0800925c   0x0000012c   Code   RO         1058    .text               drv_spi.o
    0x08009388   0x00000890   Code   RO         1077    .text               drv_pwm_in.o
    0x08009c18   0x0000031c   Code   RO         1104    .text               drv_pwm_out.o
    0x08009f34   0x000001b8   Code   RO         1123    .text               drv_time.o
    0x0800a0ec   0x0000046c   Code   RO         1153    .text               drv_usart.o
    0x0800a558   0x00000104   Code   RO         1180    .text               drv_ak8975.o
    0x0800a65c   0x00000b24   Code   RO         1201    .text               drv_icm20602.o
    0x0800b180   0x000006f8   Code   RO         1228    .text               drv_spl06.o
    0x0800b878   0x00000078   Code   RO         1251    .text               drv_vl53l0x.o
    0x0800b8f0   0x000003c8   Code   RO         1305    .text               drv_w25qxx.o
    0x0800bcb8   0x00000448   Code   RO         1330    .text               drv_i2c_soft.o
    0x0800c100   0x000012b8   Code   RO         1352    .text               usbd_stm32f4xx_fs.o
    0x0800d3b8   0x00000720   Code   RO         1379    .text               drv_gps.o
    0x0800dad8   0x00000384   Code   RO         1404    .text               drv_heating.o
    0x0800de5c   0x000002c0   Code   RO         1431    .text               drv_sbus.o
    0x0800e11c   0x000001ec   Code   RO         1454    .text               misc.o
    0x0800e308   0x0000107c   Code   RO         1470    .text               stm32f4xx_adc.o
    0x0800f384   0x000013cc   Code   RO         1502    .text               stm32f4xx_dma.o
    0x08010750   0x0000030c   Code   RO         1518    .text               stm32f4xx_exti.o
    0x08010a5c   0x00000916   Code   RO         1550    .text               stm32f4xx_gpio.o
    0x08011372   0x00000002   PAD
    0x08011374   0x00000d7c   Code   RO         1598    .text               stm32f4xx_rcc.o
    0x080120f0   0x00000bc8   Code   RO         1616    .text               stm32f4xx_spi.o
    0x08012cb8   0x00000184   Code   RO         1632    .text               stm32f4xx_syscfg.o
    0x08012e3c   0x00003294   Code   RO         1648    .text               stm32f4xx_tim.o
    0x080160d0   0x00000eb4   Code   RO         1664    .text               stm32f4xx_usart.o
    0x08016f84   0x00000210   Code   RO         1680    .text               system_stm32f4xx.o
    0x08017194   0x00000024   Code   RO         1704    .text               startup_stm32f4xx.o
    0x080171b8   0x00000a30   Code   RO         1709    .text               usbd_core.o
    0x08017be8   0x000001b0   Code   RO         1750    .text               usbd_core_hid.o
    0x08017d98   0x00000604   Code   RO         1762    .text               usbd_hid.o
    0x0801839c   0x00001994   Code   RO         1778    .text               vl53l0x_api.o
    0x08019d30   0x00000bfe   Code   RO         1818    .text               vl53l0x_api_calibration.o
    0x0801a92e   0x00000002   PAD
    0x0801a930   0x00001684   Code   RO         1837    .text               vl53l0x_api_core.o
    0x0801bfb4   0x00000924   Code   RO         1863    .text               vl53l0x_api_strings.o
    0x0801c8d8   0x00000186   Code   RO         1879    .text               vl53l0x_i2c.o
    0x0801ca5e   0x00000002   PAD
    0x0801ca60   0x00000368   Code   RO         1895    .text               vl53l0x_platform.o
    0x0801cdc8   0x00000024   Code   RO         1923    .text               mc_w.l(memcpya.o)
    0x0801cdec   0x00000024   Code   RO         1925    .text               mc_w.l(memseta.o)
    0x0801ce10   0x00000012   Code   RO         1927    .text               mc_w.l(strcpy.o)
    0x0801ce22   0x0000014e   Code   RO         1931    .text               mf_w.l(dadd.o)
    0x0801cf70   0x000000e4   Code   RO         1933    .text               mf_w.l(dmul.o)
    0x0801d054   0x00000022   Code   RO         1935    .text               mf_w.l(dflti.o)
    0x0801d076   0x0000003e   Code   RO         1937    .text               mf_w.l(dfixi.o)
    0x0801d0b4   0x00000026   Code   RO         1939    .text               mf_w.l(f2d.o)
    0x0801d0da   0x00000002   PAD
    0x0801d0dc   0x00000030   Code   RO         1941    .text               mf_w.l(cdcmple.o)
    0x0801d10c   0x00000030   Code   RO         1943    .text               mf_w.l(cdrcmple.o)
    0x0801d13c   0x00000038   Code   RO         1945    .text               mf_w.l(d2f.o)
    0x0801d174   0x0000001e   Code   RO         1961    .text               mc_w.l(llshl.o)
    0x0801d192   0x00000020   Code   RO         1963    .text               mc_w.l(llushr.o)
    0x0801d1b2   0x00000024   Code   RO         1965    .text               mc_w.l(llsshr.o)
    0x0801d1d6   0x00000000   Code   RO         1967    .text               mc_w.l(iusefp.o)
    0x0801d1d6   0x0000006e   Code   RO         1968    .text               mf_w.l(fepilogue.o)
    0x0801d244   0x000000ba   Code   RO         1970    .text               mf_w.l(depilogue.o)
    0x0801d2fe   0x00000002   PAD
    0x0801d300   0x00000024   Code   RO         1972    .text               mc_w.l(init.o)
    0x0801d324   0x00000056   Code   RO         1982    .text               mc_w.l(__dczerorl2.o)
    0x0801d37a   0x0000000e   Code   RO         1976    i.__scatterload_copy  mc_w.l(handlers.o)
    0x0801d388   0x00000002   Code   RO         1977    i.__scatterload_null  mc_w.l(handlers.o)
    0x0801d38a   0x0000000e   Code   RO         1978    i.__scatterload_zeroinit  mc_w.l(handlers.o)
    0x0801d398   0x00000174   Data   RO          558    .constdata          usb_config.o
    0x0801d50c   0x00000404   Data   RO          677    .constdata          ano_math.o
    0x0801d910   0x0000008f   Data   RO         1381    .constdata          drv_gps.o
    0x0801d99f   0x00000001   PAD
    0x0801d9a0   0x00000020   Data   RO         1974    Region$$Table       anon$$obj.o


    Execution Region RW_IRAM1 (Base: 0x20000000, Size: 0x00003610, Max: 0x00020000, ABSOLUTE, COMPRESSED[0x00000320])

    Base Addr    Size         Type   Attr      Idx    E Section Name        Object

    0x20000000   0x00000002   Data   RW          173    .data               user_tasks.o
    0x20000002   0x00000001   Data   RW          196    .data               openmv_data.o
    0x20000003   0x00000001   PAD
    0x20000004   0x00000058   Data   RW          260    .data               ano_scheduler.o
    0x2000005c   0x00000012   Data   RW          382    .data               ano_dt.o
    0x2000006e   0x0000001f   Data   RW          414    .data               ano_rc.o
    0x2000008d   0x00000003   PAD
    0x20000090   0x0000004e   Data   RW          442    .data               ano_of.o
    0x200000de   0x00000004   Data   RW          481    .data               ano_usb.o
    0x200000e2   0x00000009   Data   RW          559    .data               usb_config.o
    0x200000eb   0x00000001   PAD
    0x200000ec   0x00000005   Data   RW          582    .data               ano_flyctrl.o
    0x200000f1   0x0000000e   Data   RW          605    .data               ano_fcdata.o
    0x200000ff   0x00000001   PAD
    0x20000100   0x0000000c   Data   RW          627    .data               ano_filter.o
    0x2000010c   0x00000150   Data   RW          655    .data               ano_imu.o
    0x2000025c   0x0000001d   Data   RW          697    .data               ano_motioncal.o
    0x20000279   0x00000003   PAD
    0x2000027c   0x0000000e   Data   RW          763    .data               ano_altctrl.o
    0x2000028a   0x00000002   PAD
    0x2000028c   0x00000010   Data   RW          806    .data               ano_attctrl.o
    0x2000029c   0x00000020   Data   RW          833    .data               ano_flightctrl.o
    0x200002bc   0x00000016   Data   RW          862    .data               ano_locctrl.o
    0x200002d2   0x00000002   PAD
    0x200002d4   0x00000020   Data   RW          884    .data               ano_magprocess.o
    0x200002f4   0x00000014   Data   RW          911    .data               ano_motorctrl.o
    0x20000308   0x0000000c   Data   RW          941    .data               ano_power.o
    0x20000314   0x00000041   Data   RW          963    .data               ano_flightdatacal.o
    0x20000355   0x00000003   PAD
    0x20000358   0x00000027   Data   RW          988    .data               drv_led.o
    0x2000037f   0x00000001   PAD
    0x20000380   0x00000002   Data   RW         1014    .data               drv_adc.o
    0x20000382   0x00000004   Data   RW         1037    .data               ano_parameter.o
    0x20000386   0x00000024   Data   RW         1079    .data               drv_pwm_in.o
    0x200003aa   0x00000002   PAD
    0x200003ac   0x00000008   Data   RW         1124    .data               drv_time.o
    0x200003b4   0x00000006   Data   RW         1155    .data               drv_usart.o
    0x200003ba   0x00000006   Data   RW         1181    .data               drv_ak8975.o
    0x200003c0   0x00000049   Data   RW         1203    .data               drv_icm20602.o
    0x20000409   0x00000003   PAD
    0x2000040c   0x00000020   Data   RW         1230    .data               drv_spl06.o
    0x2000042c   0x00000006   Data   RW         1252    .data               drv_vl53l0x.o
    0x20000432   0x00000001   Data   RW         1331    .data               drv_i2c_soft.o
    0x20000433   0x00000001   PAD
    0x20000434   0x00000030   Data   RW         1354    .data               usbd_stm32f4xx_fs.o
    0x20000464   0x00000019   Data   RW         1382    .data               drv_gps.o
    0x2000047d   0x00000003   PAD
    0x20000480   0x00000013   Data   RW         1406    .data               drv_heating.o
    0x20000493   0x00000002   Data   RW         1433    .data               drv_sbus.o
    0x20000495   0x00000010   Data   RW         1599    .data               stm32f4xx_rcc.o
    0x200004a5   0x00000003   PAD
    0x200004a8   0x00000014   Data   RW         1681    .data               system_stm32f4xx.o
    0x200004bc   0x00000024   Data   RW         1710    .data               usbd_core.o
    0x200004e0   0x00000027   Data   RW         1763    .data               usbd_hid.o
    0x20000507   0x000002a9   Data   RW         1779    .data               vl53l0x_api.o
    0x200007b0   0x00000010   Data   RW         1819    .data               vl53l0x_api_calibration.o
    0x200007c0   0x00000001   Data   RW         1897    .data               vl53l0x_platform.o
    0x200007c1   0x00000003   PAD
    0x200007c4   0x00000051   Zero   RW          195    .bss                openmv_data.o
    0x20000815   0x00000003   PAD
    0x20000818   0x00000024   Zero   RW          259    .bss                ano_scheduler.o
    0x2000083c   0x000002d6   Zero   RW          381    .bss                ano_dt.o
    0x20000b12   0x00000024   Zero   RW          413    .bss                ano_rc.o
    0x20000b36   0x00000032   Zero   RW          441    .bss                ano_of.o
    0x20000b68   0x00000140   Zero   RW          480    .bss                ano_usb.o
    0x20000ca8   0x00000320   Zero   RW          557    .bss                usb_config.o
    0x20000fc8   0x0000002c   Zero   RW          581    .bss                ano_flyctrl.o
    0x20000ff4   0x00000070   Zero   RW          604    .bss                ano_fcdata.o
    0x20001064   0x00000054   Zero   RW          654    .bss                ano_imu.o
    0x200010b8   0x0000004c   Zero   RW          696    .bss                ano_motioncal.o
    0x20001104   0x00000080   Zero   RW          762    .bss                ano_altctrl.o
    0x20001184   0x000001e8   Zero   RW          805    .bss                ano_attctrl.o
    0x2000136c   0x00000034   Zero   RW          832    .bss                ano_flightctrl.o
    0x200013a0   0x00000148   Zero   RW          861    .bss                ano_locctrl.o
    0x200014e8   0x00000010   Zero   RW          910    .bss                ano_motorctrl.o
    0x200014f8   0x0000000f   Zero   RW          987    .bss                drv_led.o
    0x20001507   0x00001000   Zero   RW         1036    .bss                ano_parameter.o
    0x20002507   0x00000001   PAD
    0x20002508   0x00000020   Zero   RW         1078    .bss                drv_pwm_in.o
    0x20002528   0x00000400   Zero   RW         1154    .bss                drv_usart.o
    0x20002928   0x00000130   Zero   RW         1202    .bss                drv_icm20602.o
    0x20002a58   0x0000002c   Zero   RW         1229    .bss                drv_spl06.o
    0x20002a84   0x0000000c   Zero   RW         1306    .bss                drv_w25qxx.o
    0x20002a90   0x00000070   Zero   RW         1353    .bss                usbd_stm32f4xx_fs.o
    0x20002b00   0x000000e8   Zero   RW         1380    .bss                drv_gps.o
    0x20002be8   0x0000000c   Zero   RW         1405    .bss                drv_heating.o
    0x20002bf4   0x00000039   Zero   RW         1432    .bss                drv_sbus.o
    0x20002c2d   0x00000003   PAD
    0x20002c30   0x000001e0   Zero   RW         1896    .bss                vl53l0x_platform.o
    0x20002e10   0x00000800   Zero   RW         1701    STACK               startup_stm32f4xx.o


==============================================================================

Image component sizes


      Code (inc. data)   RO Data    RW Data    ZI Data      Debug   Object Name

      1548        142          0         14        128       2276   ano_altctrl.o
      2416        166          0         16        488       4545   ano_attctrl.o
      8040        258          0         18        726      14556   ano_dt.o
        40         10          0         14        112       3172   ano_fcdata.o
      2116         26          0         12          0       7595   ano_filter.o
      1968        214          0         32         52       5262   ano_flightctrl.o
       868        134          0         65          0       3043   ano_flightdatacal.o
      2096        362          0          5         44       2966   ano_flyctrl.o
      2808        160          0        336         84       5595   ano_imu.o
      2068        166          0         22        328       3114   ano_locctrl.o
      1236         92          0         32          0       3083   ano_magprocess.o
      2172        142       1028          0          0       7694   ano_math.o
       664         74          0         29         76       1751   ano_motioncal.o
       580         32          0         20         16       2115   ano_motorctrl.o
       616         68          0         78         50       3238   ano_of.o
      1100        106          0          4       4096       3220   ano_parameter.o
       320          4          0          0          0       1848   ano_pid.o
       452         62          0         12          0        926   ano_power.o
      2000        218          0         31         36       5775   ano_rc.o
       524         30          0         88         36       2917   ano_scheduler.o
       588         24          0          4        320      15262   ano_usb.o
       192         24          0          0          0        627   bsp_init.o
       292         18          0          2          0       1381   drv_adc.o
       260         10          0          6          0       1823   drv_ak8975.o
      1824        100        143         25        232       5628   drv_gps.o
       900        172          0         19         12       2269   drv_heating.o
      1096         10          0          1          0       4870   drv_i2c_soft.o
      2852        202          0         73        304      15024   drv_icm20602.o
      1600         64          0         39         15       4615   drv_led.o
      2192        142          0         36         32       3054   drv_pwm_in.o
       796         38          0          0          0       1814   drv_pwm_out.o
       704         30          0          2         57       1884   drv_sbus.o
       300          8          0          0          0       1707   drv_spi.o
      1784         74          0         32         44       5554   drv_spl06.o
       440         18          0          8          0      21842   drv_time.o
      1132         62          0          6       1024       3768   drv_usart.o
       120         20          0          6          0      16467   drv_vl53l0x.o
       968         14          0          0         12       5245   drv_w25qxx.o
        28          4          0          0          0       1445   main.o
       492         74          0          0          0       2149   misc.o
       184         12          0          1         81       1896   openmv_data.o
        36          8        392          0       2048        900   startup_stm32f4xx.o
      4220        148          0          0          0      13458   stm32f4xx_adc.o
      5068        352          0          0          0       9069   stm32f4xx_dma.o
       780         70          0          0          0       2827   stm32f4xx_exti.o
      2326        132          0          0          0       5525   stm32f4xx_gpio.o
        92          0          0          0          0       2060   stm32f4xx_it.o
      3452        262          0         16          0      13631   stm32f4xx_rcc.o
      3016        118          0          0          0       8653   stm32f4xx_spi.o
       388         72          0          0          0       1891   stm32f4xx_syscfg.o
     12948        670          0          0          0      31316   stm32f4xx_tim.o
      3764        164          0          0          0      10204   stm32f4xx_usart.o
       528         46          0         20          0       2027   system_stm32f4xx.o
        82          0        372          9        800      15658   usb_config.o
      2608        202          0         36          0       7920   usbd_core.o
       432         68          0          0          0       1736   usbd_core_hid.o
      1540        184          0         39          0       6007   usbd_hid.o
      4792        220          0         48        112      27341   usbd_stm32f4xx_fs.o
       320         26          0          0          0     305663   user_func.o
        44          4          0          2          0       1506   user_tasks.o
      6548         70          0        681          0      39461   vl53l0x_api.o
      3070         12          0         16          0      14920   vl53l0x_api_calibration.o
      5764         16          0          0          0      20672   vl53l0x_api_core.o
      2340       1236          0          0          0       4565   vl53l0x_api_strings.o
       390          0          0          0          0       3578   vl53l0x_i2c.o
       872         14          0          1        480      16533   vl53l0x_platform.o

    ----------------------------------------------------------------------
    117804       7680       1968       1988      11852     770136   Object Totals
         0          0         32          0          0          0   (incl. Generated)
         8          0          1         32          7          0   (incl. Padding)

    ----------------------------------------------------------------------

      Code (inc. data)   RO Data    RW Data    ZI Data      Debug   Library Member Name

        86          0          0          0          0          0   __dczerorl2.o
         0          0          0          0          0          0   entry.o
         0          0          0          0          0          0   entry10a.o
         0          0          0          0          0          0   entry11a.o
         8          4          0          0          0          0   entry2.o
         4          0          0          0          0          0   entry5.o
         0          0          0          0          0          0   entry7b.o
         0          0          0          0          0          0   entry8b.o
         8          4          0          0          0          0   entry9a.o
        30          0          0          0          0          0   handlers.o
        36          8          0          0          0         68   init.o
         0          0          0          0          0          0   iusefp.o
        30          0          0          0          0         68   llshl.o
        36          0          0          0          0         68   llsshr.o
        32          0          0          0          0         68   llushr.o
        36          0          0          0          0         68   memcpya.o
        36          0          0          0          0        108   memseta.o
        18          0          0          0          0         68   strcpy.o
        48          0          0          0          0         68   cdcmple.o
        48          0          0          0          0         68   cdrcmple.o
        56          0          0          0          0         88   d2f.o
       334          0          0          0          0        148   dadd.o
       186          0          0          0          0        176   depilogue.o
        62          0          0          0          0         80   dfixi.o
        34          0          0          0          0         76   dflti.o
       228          0          0          0          0         96   dmul.o
        38          0          0          0          0         68   f2d.o
       110          0          0          0          0        168   fepilogue.o

    ----------------------------------------------------------------------
      1508         16          0          0          0       1552   Library Totals
         4          0          0          0          0          0   (incl. Padding)

    ----------------------------------------------------------------------

      Code (inc. data)   RO Data    RW Data    ZI Data      Debug   Library Name

       360         16          0          0          0        516   mc_w.l
      1144          0          0          0          0       1036   mf_w.l

    ----------------------------------------------------------------------
      1508         16          0          0          0       1552   Library Totals

    ----------------------------------------------------------------------

==============================================================================


      Code (inc. data)   RO Data    RW Data    ZI Data      Debug   

    119312       7696       1968       1988      11852     758744   Grand Totals
    119312       7696       1968        800      11852     758744   ELF Image Totals (compressed)
    119312       7696       1968        800          0          0   ROM Totals

==============================================================================

    Total RO  Size (Code + RO Data)               121280 ( 118.44kB)
    Total RW  Size (RW Data + ZI Data)             13840 (  13.52kB)
    Total ROM Size (Code + RO Data + RW Data)     122080 ( 119.22kB)

==============================================================================

